Component: ARM Compiler 5.05 (build 41) Tool: armlink [4d0eb9]

==============================================================================

Section Cross References

    startup_stm32f10x_hd.o(STACK) refers (Special) to heapauxi.o(.text) for __use_two_region_memory
    startup_stm32f10x_hd.o(HEAP) refers (Special) to heapauxi.o(.text) for __use_two_region_memory
    startup_stm32f10x_hd.o(RESET) refers (Special) to heapauxi.o(.text) for __use_two_region_memory
    startup_stm32f10x_hd.o(RESET) refers to startup_stm32f10x_hd.o(STACK) for __initial_sp
    startup_stm32f10x_hd.o(RESET) refers to startup_stm32f10x_hd.o(.text) for Reset_Handler
    startup_stm32f10x_hd.o(RESET) refers to stm32_it.o(i.NMI_Handler) for NMI_Handler
    startup_stm32f10x_hd.o(RESET) refers to stm32_it.o(i.HardFault_Handler) for HardFault_Handler
    startup_stm32f10x_hd.o(RESET) refers to stm32_it.o(i.MemManage_Handler) for MemManage_Handler
    startup_stm32f10x_hd.o(RESET) refers to stm32_it.o(i.BusFault_Handler) for BusFault_Handler
    startup_stm32f10x_hd.o(RESET) refers to stm32_it.o(i.UsageFault_Handler) for UsageFault_Handler
    startup_stm32f10x_hd.o(RESET) refers to stm32_it.o(i.SVC_Handler) for SVC_Handler
    startup_stm32f10x_hd.o(RESET) refers to stm32_it.o(i.DebugMon_Handler) for DebugMon_Handler
    startup_stm32f10x_hd.o(RESET) refers to stm32_it.o(i.PendSV_Handler) for PendSV_Handler
    startup_stm32f10x_hd.o(RESET) refers to cpal_i2c.o(i.SysTick_Handler) for SysTick_Handler
    startup_stm32f10x_hd.o(RESET) refers to stm32_it.o(i.DMA1_Channel1_IRQHandler) for DMA1_Channel1_IRQHandler
    startup_stm32f10x_hd.o(RESET) refers to cpal_i2c_hal_stm32f10x.o(i.DMA1_Channel6_IRQHandler) for DMA1_Channel6_IRQHandler
    startup_stm32f10x_hd.o(RESET) refers to cpal_i2c_hal_stm32f10x.o(i.DMA1_Channel7_IRQHandler) for DMA1_Channel7_IRQHandler
    startup_stm32f10x_hd.o(RESET) refers to stm32_it.o(i.USB_HP_CAN1_TX_IRQHandler) for USB_HP_CAN1_TX_IRQHandler
    startup_stm32f10x_hd.o(RESET) refers to stm32_it.o(i.USB_LP_CAN1_RX0_IRQHandler) for USB_LP_CAN1_RX0_IRQHandler
    startup_stm32f10x_hd.o(RESET) refers to stm32_it.o(i.TIM3_IRQHandler) for TIM3_IRQHandler
    startup_stm32f10x_hd.o(RESET) refers to stm32_it.o(i.TIM4_IRQHandler) for TIM4_IRQHandler
    startup_stm32f10x_hd.o(RESET) refers to cpal_i2c_hal_stm32f10x.o(i.I2C1_EV_IRQHandler) for I2C1_EV_IRQHandler
    startup_stm32f10x_hd.o(RESET) refers to cpal_i2c_hal_stm32f10x.o(i.I2C1_ER_IRQHandler) for I2C1_ER_IRQHandler
    startup_stm32f10x_hd.o(RESET) refers to stm32_it.o(i.USART1_IRQHandler) for USART1_IRQHandler
    startup_stm32f10x_hd.o(RESET) refers to stm32_it.o(i.USART3_IRQHandler) for USART3_IRQHandler
    startup_stm32f10x_hd.o(RESET) refers to stm32_it.o(i.TIM7_IRQHandler) for TIM7_IRQHandler
    startup_stm32f10x_hd.o(.text) refers (Special) to heapauxi.o(.text) for __use_two_region_memory
    startup_stm32f10x_hd.o(.text) refers to system_stm32f10x.o(i.SystemInit) for SystemInit
    startup_stm32f10x_hd.o(.text) refers to __main.o(!!!main) for __main
    startup_stm32f10x_hd.o(.text) refers to startup_stm32f10x_hd.o(HEAP) for Heap_Mem
    startup_stm32f10x_hd.o(.text) refers to startup_stm32f10x_hd.o(STACK) for Stack_Mem
    main.o(i.main) refers to sys_config.o(i.InitMainBoard) for InitMainBoard
    main.o(i.main) refers to wifiap.o(i.SendDataToPhone) for SendDataToPhone
    sys_config.o(i.FlashEXTRALED) refers to stm32f10x_gpio.o(i.GPIO_SetBits) for GPIO_SetBits
    sys_config.o(i.FlashEXTRALED) refers to stm32f10x_gpio.o(i.GPIO_ResetBits) for GPIO_ResetBits
    sys_config.o(i.InitEXTRALED) refers to stm32f10x_gpio.o(i.GPIO_Init) for GPIO_Init
    sys_config.o(i.InitEXTRALED) refers to stm32f10x_gpio.o(i.GPIO_ResetBits) for GPIO_ResetBits
    sys_config.o(i.InitMainBoard) refers to sys_config.o(i.RCC_Configuration) for RCC_Configuration
    sys_config.o(i.InitMainBoard) refers to sys_config.o(i.NVIC_Configuration) for NVIC_Configuration
    sys_config.o(i.InitMainBoard) refers to usart3.o(i.usart3_init) for usart3_init
    sys_config.o(i.InitMainBoard) refers to adc.o(i.Synchronize_ADC_DAC) for Synchronize_ADC_DAC
    sys_config.o(i.InitMainBoard) refers to data_poll.o(i.InitData) for InitData
    sys_config.o(i.InitMainBoard) refers to sys_config.o(i.SwitchTEC) for SwitchTEC
    sys_config.o(i.InitMainBoard) refers to sys_config.o(i.SwitchLaser) for SwitchLaser
    sys_config.o(i.InitMainBoard) refers to sys_config.o(i.InitEXTRALED) for InitEXTRALED
    sys_config.o(i.InitMainBoard) refers to flash.o(i.ReadFlashData) for ReadFlashData
    sys_config.o(i.InitMainBoard) refers to fflt_clz.o(x$fpl$ffltu) for __aeabi_ui2f
    sys_config.o(i.InitMainBoard) refers to fdiv.o(x$fpl$fdiv) for __aeabi_fdiv
    sys_config.o(i.InitMainBoard) refers to f2d.o(x$fpl$f2d) for __aeabi_f2d
    sys_config.o(i.InitMainBoard) refers to sys_config.o(i.LimitRangeValue) for LimitRangeValue
[...]
    RCC_DeInit                               0x0800481d   Thumb Code    50  stm32f10x_rcc.o(i.RCC_DeInit)
    RCC_GetClocksFreq                        0x0800485d   Thumb Code   154  stm32f10x_rcc.o(i.RCC_GetClocksFreq)
    RCC_GetFlagStatus                        0x08004909   Thumb Code    42  stm32f10x_rcc.o(i.RCC_GetFlagStatus)
    RCC_GetSYSCLKSource                      0x08004939   Thumb Code    10  stm32f10x_rcc.o(i.RCC_GetSYSCLKSource)
    RCC_HCLKConfig                           0x08004949   Thumb Code    14  stm32f10x_rcc.o(i.RCC_HCLKConfig)
    RCC_HSEConfig                            0x0800495d   Thumb Code    50  stm32f10x_rcc.o(i.RCC_HSEConfig)
    RCC_PCLK1Config                          0x08004995   Thumb Code    14  stm32f10x_rcc.o(i.RCC_PCLK1Config)
    RCC_PCLK2Config                          0x080049a9   Thumb Code    16  stm32f10x_rcc.o(i.RCC_PCLK2Config)
    RCC_PLLCmd                               0x080049bd   Thumb Code     6  stm32f10x_rcc.o(i.RCC_PLLCmd)
    RCC_PLLConfig                            0x080049c9   Thumb Code    16  stm32f10x_rcc.o(i.RCC_PLLConfig)
    RCC_SYSCLKConfig                         0x080049dd   Thumb Code    14  stm32f10x_rcc.o(i.RCC_SYSCLKConfig)
    RCC_USBCLKConfig                         0x080049f1   Thumb Code     6  stm32f10x_rcc.o(i.RCC_USBCLKConfig)
    RCC_WaitForHSEStartUp                    0x080049fd   Thumb Code    48  stm32f10x_rcc.o(i.RCC_WaitForHSEStartUp)
    ReadFlashData                            0x08004a2d   Thumb Code    38  flash.o(i.ReadFlashData)
    ReadVoltage                              0x08004a59   Thumb Code   148  adc.o(i.ReadVoltage)
    RecvDepackage                            0x08004afd   Thumb Code    46  data_poll.o(i.RecvDepackage)
    SOF_Callback                             0x08004b2d   Thumb Code    26  usb_endp.o(i.SOF_Callback)
    SVC_Handler                              0x08004b51   Thumb Code     2  stm32_it.o(i.SVC_Handler)
    SendDataToPhone                          0x08004b55   Thumb Code    68  wifiap.o(i.SendDataToPhone)
    SetBTABLE                                0x08004bb5   Thumb Code    10  usb_regs.o(i.SetBTABLE)
    SetCurrent                               0x08004bc5   Thumb Code     4  dac.o(i.SetCurrent)
    SetDeviceAddress                         0x08004bc9   Thumb Code    58  usb_core.o(i.SetDeviceAddress)
    SetEPRxAddr                              0x08004c11   Thumb Code    24  usb_regs.o(i.SetEPRxAddr)
    SetEPRxCount                             0x08004c31   Thumb Code    60  usb_regs.o(i.SetEPRxCount)
    SetEPRxStatus                            0x08004c75   Thumb Code    44  usb_regs.o(i.SetEPRxStatus)
    SetEPRxValid                             0x08004ca5   Thumb Code    36  usb_regs.o(i.SetEPRxValid)
    SetEPTxAddr                              0x08004ccd   Thumb Code    22  usb_regs.o(i.SetEPTxAddr)
    SetEPTxCount                             0x08004ced   Thumb Code    20  usb_regs.o(i.SetEPTxCount)
    SetEPTxStatus                            0x08004d09   Thumb Code    44  usb_regs.o(i.SetEPTxStatus)
    SetEPTxValid                             0x08004d39   Thumb Code    36  usb_regs.o(i.SetEPTxValid)
    SetEPType                                0x08004d61   Thumb Code    24  usb_regs.o(i.SetEPType)
    SetTemperature                           0x08004e31   Thumb Code   158  dac.o(i.SetTemperature)
    Set_System                               0x08004ef1   Thumb Code    40  hw_config.o(i.Set_System)
    Set_USBClock                             0x08004f1d   Thumb Code    20  hw_config.o(i.Set_USBClock)
    Setup0_Process                           0x08004f31   Thumb Code   102  usb_core.o(i.Setup0_Process)
    Standard_ClearFeature                    0x08004fa5   Thumb Code   252  usb_core.o(i.Standard_ClearFeature)
    Standard_GetConfiguration                0x080050b5   Thumb Code    32  usb_core.o(i.Standard_GetConfiguration)
    Standard_GetDescriptorData               0x080050dd   Thumb Code    26  usb_core.o(i.Standard_GetDescriptorData)
    Standard_GetInterface                    0x080050fd   Thumb Code    32  usb_core.o(i.Standard_GetInterface)
    Standard_GetStatus                       0x08005125   Thumb Code   172  usb_core.o(i.Standard_GetStatus)
    Standard_SetConfiguration                0x080051e1   Thumb Code    42  usb_core.o(i.Standard_SetConfiguration)
    Standard_SetDeviceFeature                0x08005219   Thumb Code    26  usb_core.o(i.Standard_SetDeviceFeature)
    Standard_SetEndPointFeature              0x0800523d   Thumb Code   132  usb_core.o(i.Standard_SetEndPointFeature)
    Standard_SetInterface                    0x080052d1   Thumb Code    64  usb_core.o(i.Standard_SetInterface)
    StoreIntoFlash                           0x0800531d   Thumb Code   108  flash.o(i.StoreIntoFlash)
    SwitchDATALED                            0x08005391   Thumb Code    76  sys_config.o(i.SwitchDATALED)
    SwitchLaser                              0x080053e1   Thumb Code   140  sys_config.o(i.SwitchLaser)
    SwitchTEC                                0x08005475   Thumb Code   134  sys_config.o(i.SwitchTEC)
    Synchronize_ADC_DAC                      0x08005501   Thumb Code    26  adc.o(i.Synchronize_ADC_DAC)
    SysTick_Handler                          0x0800551d   Thumb Code    74  cpal_i2c.o(i.SysTick_Handler)
    SystemInit                               0x0800556d   Thumb Code    64  system_stm32f10x.o(i.SystemInit)
    TIM2_Configuration                       0x080055bd   Thumb Code    90  dac.o(i.TIM2_Configuration)
    TIM3_IRQHandler                          0x08005619   Thumb Code    22  stm32_it.o(i.TIM3_IRQHandler)
    TIM3_Init                                0x08005635   Thumb Code    50  usart3.o(i.TIM3_Init)
    TIM3_Set                                 0x08005671   Thumb Code    34  usart3.o(i.TIM3_Set)
    TIM4_IRQHandler                          0x08005699   Thumb Code    22  stm32_it.o(i.TIM4_IRQHandler)
    TIM4_Init                                0x080056b5   Thumb Code    50  usart3.o(i.TIM4_Init)
    TIM4_Set                                 0x080056f1   Thumb Code    34  usart3.o(i.TIM4_Set)
    TIM7_IRQHandler                          0x08005719   Thumb Code    40  stm32_it.o(i.TIM7_IRQHandler)
    TIM7_Int_Init                            0x08005749   Thumb Code    50  usart3.o(i.TIM7_Int_Init)
    TIM_Cmd                                  0x08005785   Thumb Code    24  stm32f10x_tim.o(i.TIM_Cmd)
    TIM_OC2Init                              0x0800579d   Thumb Code   128  stm32f10x_tim.o(i.TIM_OC2Init)
    TIM_SelectOutputTrigger                  0x08005825   Thumb Code    16  stm32f10x_tim.o(i.TIM_SelectOutputTrigger)
    TIM_TimeBaseInit                         0x08005835   Thumb Code   114  stm32f10x_tim.o(i.TIM_TimeBaseInit)
    TIM_TimeBaseStructInit                   0x080058d1   Thumb Code    18  stm32f10x_tim.o(i.TIM_TimeBaseStructInit)
    USART1_IRQHandler                        0x080058e3   Thumb Code     2  stm32_it.o(i.USART1_IRQHandler)
    USART3_IRQHandler                        0x080058e5   Thumb Code    82  stm32_it.o(i.USART3_IRQHandler)
    USART_GetITStatus                        0x08005949   Thumb Code    64  stm32f10x_usart.o(i.USART_GetITStatus)
    USART_Init                               0x08005989   Thumb Code   182  stm32f10x_usart.o(i.USART_Init)
    USART_ReceiveData                        0x08005a45   Thumb Code     8  stm32f10x_usart.o(i.USART_ReceiveData)
    USART_Send_Begin                         0x08005a4d   Thumb Code    90  data_poll.o(i.USART_Send_Begin)
    USB_Cable_Config                         0x08005aa9   Thumb Code    22  hw_config.o(i.USB_Cable_Config)
    USB_HP_CAN1_TX_IRQHandler                0x08005ac5   Thumb Code     4  stm32_it.o(i.USB_HP_CAN1_TX_IRQHandler)
    USB_Init                                 0x08005ac9   Thumb Code    22  usb_init.o(i.USB_Init)
    USB_Interrupts_Config                    0x08005af1   Thumb Code    42  hw_config.o(i.USB_Interrupts_Config)
    USB_Istr                                 0x08005b1d   Thumb Code    80  usb_istr.o(i.USB_Istr)
    USB_LP_CAN1_RX0_IRQHandler               0x08005b7d   Thumb Code     4  stm32_it.o(i.USB_LP_CAN1_RX0_IRQHandler)
    USB_SIL_Init                             0x08005b81   Thumb Code    24  usb_sil.o(i.USB_SIL_Init)
    USB_SIL_Read                             0x08005ba1   Thumb Code    36  usb_sil.o(i.USB_SIL_Read)
    UsageFault_Handler                       0x08005bc5   Thumb Code     2  stm32_it.o(i.UsageFault_Handler)
    UserToPMABufferCopy                      0x08005bc9   Thumb Code    38  usb_mem.o(i.UserToPMABufferCopy)
    Virtual_Com_Port_Data_Setup              0x08005bf5   Thumb Code    68  usb_prop.o(i.Virtual_Com_Port_Data_Setup)
    Virtual_Com_Port_GetConfigDescriptor     0x08005c49   Thumb Code     6  usb_prop.o(i.Virtual_Com_Port_GetConfigDescriptor)
    Virtual_Com_Port_GetDeviceDescriptor     0x08005c55   Thumb Code     6  usb_prop.o(i.Virtual_Com_Port_GetDeviceDescriptor)
    Virtual_Com_Port_GetLineCoding           0x08005c61   Thumb Code    20  usb_prop.o(i.Virtual_Com_Port_GetLineCoding)
    Virtual_Com_Port_GetStringDescriptor     0x08005c7d   Thumb Code    24  usb_prop.o(i.Virtual_Com_Port_GetStringDescriptor)
    Virtual_Com_Port_Get_Interface_Setting   0x08005c9d   Thumb Code    20  usb_prop.o(i.Virtual_Com_Port_Get_Interface_Setting)
    Virtual_Com_Port_NoData_Setup            0x08005cb1   Thumb Code    34  usb_prop.o(i.Virtual_Com_Port_NoData_Setup)
    Virtual_Com_Port_Reset                   0x08005cd9   Thumb Code   208  usb_prop.o(i.Virtual_Com_Port_Reset)
    Virtual_Com_Port_SetConfiguration        0x08005db9   Thumb Code    16  usb_prop.o(i.Virtual_Com_Port_SetConfiguration)
    Virtual_Com_Port_SetDeviceAddress        0x08005dd1   Thumb Code     8  usb_prop.o(i.Virtual_Com_Port_SetDeviceAddress)
    Virtual_Com_Port_SetLineCoding           0x08005ddd   Thumb Code    20  usb_prop.o(i.Virtual_Com_Port_SetLineCoding)
    Virtual_Com_Port_Status_In               0x08005df9   Thumb Code    14  usb_prop.o(i.Virtual_Com_Port_Status_In)
    Virtual_Com_Port_Status_Out              0x08005e0d   Thumb Code     2  usb_prop.o(i.Virtual_Com_Port_Status_Out)
    Virtual_Com_Port_init                    0x08005e11   Thumb Code    28  usb_prop.o(i.Virtual_Com_Port_init)
    WIFIReceivedCommandProcess               0x08005e35   Thumb Code  1336  data_poll.o(i.WIFIReceivedCommandProcess)
    __ARM_fpclassify                         0x08006381   Thumb Code    40  fpclassify.o(i.__ARM_fpclassify)
    __mathlib_dbl_overflow                   0x080063a9   Thumb Code    14  dunder.o(i.__mathlib_dbl_overflow)
    __mathlib_dbl_underflow                  0x080063b9   Thumb Code    10  dunder.o(i.__mathlib_dbl_underflow)
    __mathlib_narrow                         0x080063c9   Thumb Code    16  narrow.o(i.__mathlib_narrow)
    __mathlib_tofloat                        0x080063d9   Thumb Code   132  narrow.o(i.__mathlib_tofloat)
    __support_ldexp                          0x08006461   Thumb Code    22  ldexp.o(i.__support_ldexp)
    _is_digit                                0x08006477   Thumb Code    14  __printf_wp.o(i._is_digit)
    atk_8266_UDP_Init                        0x08006485   Thumb Code   252  wifiap.o(i.atk_8266_UDP_Init)
    atk_8266_check_cmd                       0x080065f1   Thumb Code    28  common.o(i.atk_8266_check_cmd)
    atk_8266_send_cmd                        0x08006615   Thumb Code    78  common.o(i.atk_8266_send_cmd)
    atk_8266_send_data                       0x08006671   Thumb Code    78  common.o(i.atk_8266_send_data)
    delay_ms                                 0x080066c9   Thumb Code    44  delay.o(i.delay_ms)
    delay_us                                 0x080066f5   Thumb Code    42  delay.o(i.delay_us)
    frexp                                    0x08006721   Thumb Code    80  frexp.o(i.frexp)
    judgeIsIphoneSendCommond                 0x08006779   Thumb Code    96  data_poll.o(i.judgeIsIphoneSendCommond)
    ldexp                                    0x080067e5   Thumb Code   116  ldexp.o(i.ldexp)
    main                                     0x08006859   Thumb Code    10  main.o(i.main)
    rx_dequeue                               0x08006865   Thumb Code    38  data_poll.o(i.rx_dequeue)
    rx_enqueue                               0x08006891   Thumb Code    54  data_poll.o(i.rx_enqueue)
    strtod                                   0x080068cd   Thumb Code    28  strtod.o(i.strtod)
    tx_dequeue                               0x080068e9   Thumb Code    38  data_poll.o(i.tx_dequeue)
    tx_enqueue                               0x08006915   Thumb Code    54  data_poll.o(i.tx_enqueue)
    u3_printf                                0x08006951   Thumb Code    60  usart3.o(i.u3_printf)
    usart3_init                              0x08006995   Thumb Code   138  usart3.o(i.usart3_init)
    _get_lc_numeric                          0x08006a31   Thumb Code    44  lc_numeric_c.o(locale$$code)
    _get_lc_ctype                            0x08006a5d   Thumb Code    44  lc_ctype_c.o(locale$$code)
    __aeabi_d2f                              0x08006a89   Thumb Code     0  d2f.o(x$fpl$d2f)
    _d2f                                     0x08006a89   Thumb Code    98  d2f.o(x$fpl$d2f)
    __aeabi_dadd                             0x08006aed   Thumb Code     0  daddsub_clz.o(x$fpl$dadd)
    _dadd                                    0x08006aed   Thumb Code   332  daddsub_clz.o(x$fpl$dadd)
    __fpl_dcheck_NaN1                        0x08006c3d   Thumb Code    10  dcheck1.o(x$fpl$dcheck1)
    __fpl_dcmp_Inf                           0x08006c4d   Thumb Code    24  dcmpi.o(x$fpl$dcmpinf)
    __aeabi_ddiv                             0x08006c65   Thumb Code     0  ddiv.o(x$fpl$ddiv)
    _ddiv                                    0x08006c65   Thumb Code   552  ddiv.o(x$fpl$ddiv)
    __aeabi_cdcmpeq                          0x08006f15   Thumb Code     0  deqf.o(x$fpl$deqf)
    _dcmpeq                                  0x08006f15   Thumb Code   120  deqf.o(x$fpl$deqf)
    __aeabi_d2iz                             0x08006f8d   Thumb Code     0  dfix.o(x$fpl$dfix)
    _dfix                                    0x08006f8d   Thumb Code    94  dfix.o(x$fpl$dfix)
    __aeabi_d2uiz                            0x08006fed   Thumb Code     0  dfixu.o(x$fpl$dfixu)
    _dfixu                                   0x08006fed   Thumb Code    90  dfixu.o(x$fpl$dfixu)
    __aeabi_i2d                              0x08007047   Thumb Code     0  dflt_clz.o(x$fpl$dflt)
    _dflt                                    0x08007047   Thumb Code    46  dflt_clz.o(x$fpl$dflt)
    __aeabi_ui2d                             0x08007075   Thumb Code     0  dflt_clz.o(x$fpl$dfltu)
    _dfltu                                   0x08007075   Thumb Code    38  dflt_clz.o(x$fpl$dfltu)
    __aeabi_cdcmple                          0x0800709d   Thumb Code     0  dleqf.o(x$fpl$dleqf)
    _dcmple                                  0x0800709d   Thumb Code   120  dleqf.o(x$fpl$dleqf)
    __fpl_dcmple_InfNaN                      0x080070ff   Thumb Code     0  dleqf.o(x$fpl$dleqf)
    __aeabi_dmul                             0x08007115   Thumb Code     0  dmul.o(x$fpl$dmul)
    _dmul                                    0x08007115   Thumb Code   332  dmul.o(x$fpl$dmul)
    __fpl_dnaninf                            0x08007269   Thumb Code   156  dnaninf.o(x$fpl$dnaninf)
    __fpl_dretinf                            0x08007305   Thumb Code    12  dretinf.o(x$fpl$dretinf)
    __aeabi_cdrcmple                         0x08007311   Thumb Code     0  drleqf.o(x$fpl$drleqf)
    _drcmple                                 0x08007311   Thumb Code   108  drleqf.o(x$fpl$drleqf)
    __aeabi_drsub                            0x0800737d   Thumb Code     0  daddsub_clz.o(x$fpl$drsb)
    _drsb                                    0x0800737d   Thumb Code    22  daddsub_clz.o(x$fpl$drsb)
    __aeabi_dsub                             0x08007395   Thumb Code     0  daddsub_clz.o(x$fpl$dsub)
    _dsub                                    0x08007395   Thumb Code   464  daddsub_clz.o(x$fpl$dsub)
    __aeabi_f2d                              0x08007569   Thumb Code     0  f2d.o(x$fpl$f2d)
    _f2d                                     0x08007569   Thumb Code    86  f2d.o(x$fpl$f2d)
    __aeabi_fadd                             0x080075c1   Thumb Code     0  faddsub_clz.o(x$fpl$fadd)
    _fadd                                    0x080075c1   Thumb Code   196  faddsub_clz.o(x$fpl$fadd)
    __aeabi_fdiv                             0x08007685   Thumb Code     0  fdiv.o(x$fpl$fdiv)
    _fdiv                                    0x08007685   Thumb Code   384  fdiv.o(x$fpl$fdiv)
    __aeabi_f2iz                             0x08007809   Thumb Code     0  ffix.o(x$fpl$ffix)
    _ffix                                    0x08007809   Thumb Code    54  ffix.o(x$fpl$ffix)
    __aeabi_ui2f                             0x08007841   Thumb Code     0  fflt_clz.o(x$fpl$ffltu)
    _ffltu                                   0x08007841   Thumb Code    38  fflt_clz.o(x$fpl$ffltu)
    __aeabi_fmul                             0x08007869   Thumb Code     0  fmul.o(x$fpl$fmul)
    _fmul                                    0x08007869   Thumb Code   258  fmul.o(x$fpl$fmul)
    __fpl_fnaninf                            0x0800796b   Thumb Code   140  fnaninf.o(x$fpl$fnaninf)
    __fpl_fretinf                            0x080079f7   Thumb Code    10  fretinf.o(x$fpl$fretinf)
    __aeabi_frsub                            0x08007a01   Thumb Code     0  faddsub_clz.o(x$fpl$frsb)
    _frsb                                    0x08007a01   Thumb Code    20  faddsub_clz.o(x$fpl$frsb)
    __aeabi_fsub                             0x08007a15   Thumb Code     0  faddsub_clz.o(x$fpl$fsub)
    _fsub                                    0x08007a15   Thumb Code   234  faddsub_clz.o(x$fpl$fsub)
    _printf_fp_dec                           0x08007aff   Thumb Code     4  printf1.o(x$fpl$printf1)
    __fpl_return_NaN                         0x08007b03   Thumb Code   100  retnan.o(x$fpl$retnan)
    __ARM_scalbn                             0x08007b67   Thumb Code    92  scalbn.o(x$fpl$scalbn)
    _scanf_real                              0x08007bc3   Thumb Code     4  scanf1.o(x$fpl$scanf1)
    _scanf_hex_real                          0x08007bc7   Thumb Code     4  scanf2.o(x$fpl$scanf2)
    _scanf_infnan                            0x08007bcb   Thumb Code     4  scanf2.o(x$fpl$scanf2)
    __fpl_cmpreturn                          0x08007bcf   Thumb Code    48  trapv.o(x$fpl$trapveneer)
    __I$use$fp                               0x08007bfe   Number         0  usenofp.o(x$fpl$usenofp)
    Resistance                               0x08007c00   Data          92  dac.o(.constdata)
    CPAL_I2C_DMA_TX_IRQn                     0x08007c5c   Data           2  cpal_i2c_hal_stm32f10x.o(.constdata)
    CPAL_I2C_DMA_RX_IRQn                     0x08007c5e   Data           2  cpal_i2c_hal_stm32f10x.o(.constdata)
    CPAL_I2C_IT_EVT_IRQn                     0x08007c60   Data           2  cpal_i2c_hal_stm32f10x.o(.constdata)
    CPAL_I2C_IT_ERR_IRQn                     0x08007c62   Data           2  cpal_i2c_hal_stm32f10x.o(.constdata)
    I2C_IT_EVT_PREPRIO                       0x08007c64   Data           2  cpal_i2c_hal_stm32f10x.o(.constdata)
    I2C_IT_EVT_SUBPRIO                       0x08007c66   Data           2  cpal_i2c_hal_stm32f10x.o(.constdata)
    I2C_IT_ERR_PREPRIO                       0x08007c68   Data           2  cpal_i2c_hal_stm32f10x.o(.constdata)
    I2C_IT_ERR_SUBPRIO                       0x08007c6a   Data           2  cpal_i2c_hal_stm32f10x.o(.constdata)
    I2C_IT_DMATX_PREPRIO                     0x08007c6c   Data           2  cpal_i2c_hal_stm32f10x.o(.constdata)
    I2C_IT_DMATX_SUBPRIO                     0x08007c6e   Data           2  cpal_i2c_hal_stm32f10x.o(.constdata)
    I2C_IT_DMARX_PREPRIO                     0x08007c70   Data           2  cpal_i2c_hal_stm32f10x.o(.constdata)
    I2C_IT_DMARX_SUBPRIO                     0x08007c72   Data           2  cpal_i2c_hal_stm32f10x.o(.constdata)
    CPAL_I2C_SCL_GPIO_PIN                    0x08007c74   Data           4  cpal_i2c_hal_stm32f10x.o(.constdata)
    CPAL_I2C_SDA_GPIO_PIN                    0x08007c78   Data           4  cpal_i2c_hal_stm32f10x.o(.constdata)
    CPAL_I2C_CLK                             0x08007c7c   Data           8  cpal_i2c_hal_stm32f10x.o(.constdata)
    CPAL_I2C_DR                              0x08007c84   Data           8  cpal_i2c_hal_stm32f10x.o(.constdata)
    CPAL_I2C_SCL_GPIO_CLK                    0x08007c8c   Data           8  cpal_i2c_hal_stm32f10x.o(.constdata)
    CPAL_I2C_SDA_GPIO_CLK                    0x08007c94   Data           8  cpal_i2c_hal_stm32f10x.o(.constdata)
    CPAL_I2C_DMA_CLK                         0x08007c9c   Data           8  cpal_i2c_hal_stm32f10x.o(.constdata)
    CPAL_I2C_DMA_TX_TC_FLAG                  0x08007ca4   Data           8  cpal_i2c_hal_stm32f10x.o(.constdata)
    CPAL_I2C_DMA_TX_HT_FLAG                  0x08007cac   Data           8  cpal_i2c_hal_stm32f10x.o(.constdata)
    CPAL_I2C_DMA_TX_TE_FLAG                  0x08007cb4   Data           8  cpal_i2c_hal_stm32f10x.o(.constdata)
    CPAL_I2C_DMA_RX_TC_FLAG                  0x08007cbc   Data           8  cpal_i2c_hal_stm32f10x.o(.constdata)
    CPAL_I2C_DMA_RX_HT_FLAG                  0x08007cc4   Data           8  cpal_i2c_hal_stm32f10x.o(.constdata)
    CPAL_I2C_DMA_RX_TE_FLAG                  0x08007ccc   Data           8  cpal_i2c_hal_stm32f10x.o(.constdata)
    Virtual_Com_Port_DeviceDescriptor        0x08007cd4   Data          18  usb_desc.o(.constdata)
    Virtual_Com_Port_ConfigDescriptor        0x08007ce6   Data          67  usb_desc.o(.constdata)
    Virtual_Com_Port_StringLangID            0x08007d29   Data           4  usb_desc.o(.constdata)
    Virtual_Com_Port_StringVendor            0x08007d2d   Data          38  usb_desc.o(.constdata)
    Virtual_Com_Port_StringProduct           0x08007d53   Data          50  usb_desc.o(.constdata)
    Region$$Table$$Base                      0x08007e88   Number         0  anon$$obj.o(Region$$Table)
    Region$$Table$$Limit                     0x08007ea8   Number         0  anon$$obj.o(Region$$Table)
    __aeabi_HUGE_VAL                         0x08007ea8   Data           0  fpconst.o(c$$dinf)
    __aeabi_HUGE_VALL                        0x08007ea8   Data           0  fpconst.o(c$$dinf)
    __aeabi_INFINITY                         0x08007ea8   Data           0  fpconst.o(c$$dinf)
    __dInf                                   0x08007ea8   Data           0  fpconst.o(c$$dinf)
    __huge_val                               0x08007ea8   Data           0  fpconst.o(c$$dinf)
    __ctype                                  0x08007ed9   Data           0  lc_ctype_c.o(locale$$data)
    HSEStartUpStatus                         0x20000000   Data           1  sys_config.o(.data)
    Flag_head                                0x20000002   Data           1  data_poll.o(.data)
    Flag_rx_len                              0x20000003   Data           1  data_poll.o(.data)
    Slave_check                              0x20000004   Data           1  data_poll.o(.data)
    Comcode                                  0x20000005   Data           1  data_poll.o(.data)
    addr                                     0x20000006   Data           1  data_poll.o(.data)
    Slave_length                             0x20000008   Data           2  data_poll.o(.data)
    RxCounter                                0x2000000a   Data           2  data_poll.o(.data)
    USART3_RX_STA                            0x2000000c   Data           2  usart3.o(.data)
    FLASHStatus                              0x20000010   Data           1  flash.o(.data)
    EraseCounter                             0x20000014   Data           4  flash.o(.data)
    Address                                  0x20000018   Data           4  flash.o(.data)
    NbrOfPage                                0x2000001c   Data           4  flash.o(.data)
    FlashDataIndex                           0x20000020   Data           4  flash.o(.data)
    FlashData                                0x20000024   Data           8  flash.o(.data)
    Temperature                              0x20000030   Data           8  dac.o(.data)
    BiasCurrent                              0x20000038   Data           8  dac.o(.data)
    ModulateCurrent                          0x20000040   Data           8  dac.o(.data)
    FlashTemperature                         0x20000048   Data           4  dac.o(.data)
    FlashBiasCurrent                         0x2000004c   Data           4  dac.o(.data)
    FlashModulateCurrent                     0x20000050   Data           4  dac.o(.data)
    startReadWifiCommondData                 0x20000054   Data           1  stm32_it.o(.data)
    startReadWifiCommondDataFlag             0x20000055   Data           1  stm32_it.o(.data)
    stopReadWifiCommondDataFlag              0x20000056   Data           1  stm32_it.o(.data)
    startProcessWifiCommondData              0x20000057   Data           1  stm32_it.o(.data)
    startProcessWifiCommondDataFlag          0x20000058   Data           1  stm32_it.o(.data)
    IPHONE_COMMOND_BUF_INDEX                 0x20000059   Data           1  stm32_it.o(.data)
    I2C_DevStructures                        0x20000070   Data           8  cpal_i2c_hal_stm32f10x.o(.data)
    CPAL_I2C_DEVICE                          0x20000078   Data           8  cpal_i2c_hal_stm32f10x.o(.data)
    CPAL_I2C_SCL_GPIO_PORT                   0x20000080   Data           8  cpal_i2c_hal_stm32f10x.o(.data)
    CPAL_I2C_SDA_GPIO_PORT                   0x20000088   Data           8  cpal_i2c_hal_stm32f10x.o(.data)
    CPAL_I2C_DMA_TX_Channel                  0x20000090   Data           8  cpal_i2c_hal_stm32f10x.o(.data)
    CPAL_I2C_DMA_RX_Channel                  0x20000098   Data           8  cpal_i2c_hal_stm32f10x.o(.data)
    I2C1_DevStructure                        0x200000a0   Data          32  cpal_i2c_hal_stm32f10x.o(.data)
    CPAL_I2C_DMA                             0x200000c0   Data           8  cpal_i2c_hal_stm32f10x.o(.data)
    SaveRState                               0x200000c8   Data           2  usb_int.o(.data)
    SaveTState                               0x200000ca   Data           2  usb_int.o(.data)
    EPindex                                  0x200000cc   Data           1  usb_init.o(.data)
    pInformation                             0x200000d0   Data           4  usb_init.o(.data)
    pProperty                                0x200000d4   Data           4  usb_init.o(.data)
    pUser_Standard_Requests                  0x200000d8   Data           4  usb_init.o(.data)
    wInterrupt_Mask                          0x200000dc   Data           2  usb_init.o(.data)
    Data_Mul_MaxPacketSize                   0x200000de   Data           1  usb_core.o(.data)
    StatusInfo                               0x200000e0   Data           2  usb_core.o(.data)
    Virtual_Com_Port_StringSerial            0x200000e2   Data          26  usb_desc.o(.data)
    bIntPackSOF                              0x20000100   Data           1  usb_istr.o(.data)
    wIstr                                    0x20000102   Data           2  usb_istr.o(.data)
    pEpInt_IN                                0x20000104   Data          28  usb_istr.o(.data)
    pEpInt_OUT                               0x20000120   Data          28  usb_istr.o(.data)
    Request                                  0x2000013c   Data           1  usb_prop.o(.data)
    linecoding                               0x20000140   Data           8  usb_prop.o(.data)
    Device_Descriptor                        0x20000148   Data           8  usb_prop.o(.data)
    Config_Descriptor                        0x20000150   Data           8  usb_prop.o(.data)
    Device_Property                          0x20000158   Data          48  usb_prop.o(.data)
    String_Descriptor                        0x20000188   Data          32  usb_prop.o(.data)
    Device_Table                             0x200001a8   Data           2  usb_prop.o(.data)
    User_Standard_Requests                   0x200001ac   Data          36  usb_prop.o(.data)
    bDeviceState                             0x200001d0   Data           4  usb_pwr.o(.data)
    portnum                                  0x200001d4   Data           4  common.o(.data)
    wifiap_ssid                              0x200001d8   Data           4  common.o(.data)
    wifiap_password                          0x200001dc   Data           4  common.o(.data)
    RX                                       0x200001e0   Data         104  data_poll.o(.bss)
    TX                                       0x20000248   Data         104  data_poll.o(.bss)
    ComFrame                                 0x200002b0   Data        2004  data_poll.o(.bss)
    RxBuffer                                 0x20000a84   Data          64  data_poll.o(.bss)
    Data                                     0x20000ac4   Data         300  data_poll.o(.bss)
    Buff_temp                                0x20000bf0   Data        2000  data_poll.o(.bss)
    USART3_TX_BUF                            0x200013c0   Data        1500  usart3.o(.bss)
    USART3_RX_BUF                            0x2000199c   Data         128  usart3.o(.bss)
    TriangleArray                            0x20001a1c   Data        4000  dac.o(.bss)
    IPHONE_COMMOND_BUF                       0x200029bc   Data         256  stm32_it.o(.bss)
    ADC_ConvertedValue                       0x20002abc   Data       12000  adc.o(.bss)
    ADC_ResultValue                          0x2000599c   Data          12  adc.o(.bss)
    PD_ADCValue                              0x200059a8   Data        2000  adc.o(.bss)
    WIFISendData                             0x20006178   Data        1406  adc.o(.bss)
    TransmissionData                         0x200066f6   Data        1332  adc.o(.bss)
    TransmissionValue                        0x20006c2c   Data        1332  adc.o(.bss)
    SystemValuesStr                          0x20007160   Data          74  adc.o(.bss)
    CPAL_DMA_InitStructure                   0x200071ac   Data          44  cpal_i2c_hal_stm32f10x.o(.bss)
    Device_Info                              0x200071d8   Data          28  usb_init.o(.bss)
    USB_Rx_Buffer                            0x200071f4   Data          64  usb_endp.o(.bss)
    __libspace_start                         0x20007234   Data          96  libspace.o(.bss)
    __temporary_stack_top$libspace           0x20007294   Data           0  libspace.o(.bss)



==============================================================================

Memory Map of the image

  Image Entry point : 0x08000131

  Load Region LR_IROM1 (Base: 0x08000000, Size: 0x000081bc, Max: 0x00080000, ABSOLUTE, COMPRESSED[0x000080a8])

    Execution Region ER_IROM1 (Base: 0x08000000, Size: 0x00007fdc, Max: 0x00080000, ABSOLUTE)

    Base Addr    Size         Type   Attr      Idx    E Section Name        Object

    0x08000000   0x00000130   Data   RO            3    RESET               startup_stm32f10x_hd.o
    0x08000130   0x00000008   Code   RO         5064  * !!!main             c_w.l(__main.o)
    0x08000138   0x00000034   Code   RO         5675    !!!scatter          c_w.l(__scatter.o)
    0x0800016c   0x0000005a   Code   RO         5673    !!dczerorl2         c_w.l(__dczerorl2.o)
    0x080001c6   0x00000002   PAD
    0x080001c8   0x0000001c   Code   RO         5677    !!handler_zi        c_w.l(__scatter_zi.o)
    0x080001e4   0x00000000   Code   RO         5053    .ARM.Collect$$_printf_percent$$00000000  c_w.l(_printf_percent.o)
    0x080001e4   0x00000006   Code   RO         5173    .ARM.Collect$$_printf_percent$$00000001  c_w.l(_printf_n.o)
    0x080001ea   0x00000006   Code   RO         5174    .ARM.Collect$$_printf_percent$$00000002  c_w.l(_printf_p.o)
    0x080001f0   0x00000006   Code   RO         5052    .ARM.Collect$$_printf_percent$$00000003  c_w.l(_printf_f.o)
    0x080001f6   0x00000006   Code   RO         5179    .ARM.Collect$$_printf_percent$$00000004  c_w.l(_printf_e.o)
    0x080001fc   0x00000006   Code   RO         5180    .ARM.Collect$$_printf_percent$$00000005  c_w.l(_printf_g.o)
    0x08000202   0x00000006   Code   RO         5181    .ARM.Collect$$_printf_percent$$00000006  c_w.l(_printf_a.o)
    0x08000208   0x0000000a   Code   RO         5186    .ARM.Collect$$_printf_percent$$00000007  c_w.l(_printf_ll.o)
    0x08000212   0x00000006   Code   RO         5176    .ARM.Collect$$_printf_percent$$00000008  c_w.l(_printf_i.o)
    0x08000218   0x00000006   Code   RO         5177    .ARM.Collect$$_printf_percent$$00000009  c_w.l(_printf_d.o)
    0x0800021e   0x00000006   Code   RO         5178    .ARM.Collect$$_printf_percent$$0000000A  c_w.l(_printf_u.o)
    0x08000224   0x00000006   Code   RO         5175    .ARM.Collect$$_printf_percent$$0000000B  c_w.l(_printf_o.o)
    0x0800022a   0x00000006   Code   RO         5051    .ARM.Collect$$_printf_percent$$0000000C  c_w.l(_printf_x.o)
    0x08000230   0x00000006   Code   RO         5183    .ARM.Collect$$_printf_percent$$0000000D  c_w.l(_printf_lli.o)
    0x08000236   0x00000006   Code   RO         5184    .ARM.Collect$$_printf_percent$$0000000E  c_w.l(_printf_lld.o)
    0x0800023c   0x00000006   Code   RO         5185    .ARM.Collect$$_printf_percent$$0000000F  c_w.l(_printf_llu.o)
    0x08000242   0x00000006   Code   RO         5190    .ARM.Collect$$_printf_percent$$00000010  c_w.l(_printf_llo.o)
    0x08000248   0x00000006   Code   RO         5191    .ARM.Collect$$_printf_percent$$00000011  c_w.l(_printf_llx.o)
    0x0800024e   0x0000000a   Code   RO         5187    .ARM.Collect$$_printf_percent$$00000012  c_w.l(_printf_l.o)
    0x08000258   0x00000006   Code   RO         5172    .ARM.Collect$$_printf_percent$$00000013  c_w.l(_printf_c.o)
    0x0800025e   0x00000006   Code   RO         5050    .ARM.Collect$$_printf_percent$$00000014  c_w.l(_printf_s.o)
    0x08000264   0x00000006   Code   RO         5188    .ARM.Collect$$_printf_percent$$00000015  c_w.l(_printf_lc.o)
    0x0800026a   0x00000006   Code   RO         5189    .ARM.Collect$$_printf_percent$$00000016  c_w.l(_printf_ls.o)
    0x08000270   0x00000004   Code   RO         5182    .ARM.Collect$$_printf_percent$$00000017  c_w.l(_printf_percent_end.o)
    0x08000274   0x00000002   Code   RO         5427    .ARM.Collect$$libinit$$00000000  c_w.l(libinit.o)
    0x08000276   0x00000000   Code   RO         5429    .ARM.Collect$$libinit$$00000002  c_w.l(libinit2.o)
    0x08000276   0x00000000   Code   RO         5431    .ARM.Collect$$libinit$$00000004  c_w.l(libinit2.o)
    0x08000276   0x00000000   Code   RO         5434    .ARM.Collect$$libinit$$0000000A  c_w.l(libinit2.o)
    0x08000276   0x00000000   Code   RO         5436    .ARM.Collect$$libinit$$0000000C  c_w.l(libinit2.o)
    0x08000276   0x00000000   Code   RO         5438    .ARM.Collect$$libinit$$0000000E  c_w.l(libinit2.o)
    0x08000276   0x00000006   Code   RO         5439    .ARM.Collect$$libinit$$0000000F  c_w.l(libinit2.o)
    0x0800027c   0x00000000   Code   RO         5441    .ARM.Collect$$libinit$$00000011  c_w.l(libinit2.o)
    0x0800027c   0x0000000c   Code   RO         5442    .ARM.Collect$$libinit$$00000012  c_w.l(libinit2.o)
    0x08000288   0x00000000   Code   RO         5443    .ARM.Collect$$libinit$$00000013  c_w.l(libinit2.o)
    0x08000288   0x00000000   Code   RO         5445    .ARM.Collect$$libinit$$00000015  c_w.l(libinit2.o)
    0x08000288   0x0000000a   Code   RO         5446    .ARM.Collect$$libinit$$00000016  c_w.l(libinit2.o)
    0x08000292   0x00000000   Code   RO         5447    .ARM.Collect$$libinit$$00000017  c_w.l(libinit2.o)
    0x08000292   0x00000000   Code   RO         5449    .ARM.Collect$$libinit$$00000019  c_w.l(libinit2.o)
    0x08000292   0x00000000   Code   RO         5451    .ARM.Collect$$libinit$$0000001B  c_w.l(libinit2.o)
    0x08000292   0x00000000   Code   RO         5453    .ARM.Collect$$libinit$$0000001D  c_w.l(libinit2.o)
    0x08000292   0x00000000   Code   RO         5455    .ARM.Collect$$libinit$$0000001F  c_w.l(libinit2.o)
    0x08000292   0x00000000   Code   RO         5457    .ARM.Collect$$libinit$$00000021  c_w.l(libinit2.o)
    0x08000292   0x00000000   Code   RO         5459    .ARM.Collect$$libinit$$00000023  c_w.l(libinit2.o)
    0x08000292   0x00000000   Code   RO         5461    .ARM.Collect$$libinit$$00000025  c_w.l(libinit2.o)
    0x08000292   0x00000000   Code   RO         5465    .ARM.Collect$$libinit$$0000002C  c_w.l(libinit2.o)
    0x08000292   0x00000000   Code   RO         5467    .ARM.Collect$$libinit$$0000002E  c_w.l(libinit2.o)
    0x08000292   0x00000000   Code   RO         5469    .ARM.Collect$$libinit$$00000030  c_w.l(libinit2.o)
    0x08000292   0x00000000   Code   RO         5471    .ARM.Collect$$libinit$$00000032  c_w.l(libinit2.o)
    0x08000292   0x00000002   Code   RO         5472    .ARM.Collect$$libinit$$00000033  c_w.l(libinit2.o)
    0x08000294   0x00000002   Code   RO         5640    .ARM.Collect$$libshutdown$$00000000  c_w.l(libshutdown.o)
    0x08000296   0x00000000   Code   RO         5475    .ARM.Collect$$libshutdown$$00000003  c_w.l(libshutdown2.o)
    0x08000296   0x00000000   Code   RO         5478    .ARM.Collect$$libshutdown$$00000006  c_w.l(libshutdown2.o)
    0x08000296   0x00000000   Code   RO         5481    .ARM.Collect$$libshutdown$$00000009  c_w.l(libshutdown2.o)
    0x08000296   0x00000000   Code   RO         5483    .ARM.Collect$$libshutdown$$0000000B  c_w.l(libshutdown2.o)
    0x08000296   0x00000000   Code   RO         5486    .ARM.Collect$$libshutdown$$0000000E  c_w.l(libshutdown2.o)
    0x08000296   0x00000002   Code   RO         5487    .ARM.Collect$$libshutdown$$0000000F  c_w.l(libshutdown2.o)
    0x08000298   0x00000000   Code   RO         5140    .ARM.Collect$$rtentry$$00000000  c_w.l(__rtentry.o)
    0x08000298   0x00000000   Code   RO         5238    .ARM.Collect$$rtentry$$00000002  c_w.l(__rtentry2.o)
    0x08000298   0x00000006   Code   RO         5250    .ARM.Collect$$rtentry$$00000004  c_w.l(__rtentry4.o)
    0x0800029e   0x00000000   Code   RO         5240    .ARM.Collect$$rtentry$$00000009  c_w.l(__rtentry2.o)
    0x0800029e   0x00000004   Code   RO         5241    .ARM.Collect$$rtentry$$0000000A  c_w.l(__rtentry2.o)
    0x080002a2   0x00000000   Code   RO         5243    .ARM.Collect$$rtentry$$0000000C  c_w.l(__rtentry2.o)
    0x080002a2   0x00000008   Code   RO         5244    .ARM.Collect$$rtentry$$0000000D  c_w.l(__rtentry2.o)
    0x080002aa   0x00000002   Code   RO         5495    .ARM.Collect$$rtexit$$00000000  c_w.l(rtexit.o)
    0x080002ac   0x00000000   Code   RO         5569    .ARM.Collect$$rtexit$$00000002  c_w.l(rtexit2.o)
    0x080002ac   0x00000004   Code   RO         5570    .ARM.Collect$$rtexit$$00000003  c_w.l(rtexit2.o)
    0x080002b0   0x00000006   Code   RO         5571    .ARM.Collect$$rtexit$$00000004  c_w.l(rtexit2.o)
    0x080002b6   0x00000002   PAD
    0x080002b8   0x00000040   Code   RO            4    .text               startup_stm32f10x_hd.o
    0x080002f8   0x00000024   Code   RO         4993    .text               c_w.l(c89vsprintf.o)
    0x0800031c   0x0000002c   Code   RO         4997    .text               c_w.l(__2sprintf.o)
    0x08000348   0x0000004e   Code   RO         5005    .text               c_w.l(_printf_pad.o)
    0x08000396   0x00000052   Code   RO         5007    .text               c_w.l(_printf_str.o)
    0x080003e8   0x00000094   Code   RO         5027    .text               c_w.l(_printf_hex_int_ll_ptr.o)
    0x0800047c   0x00000188   Code   RO         5047    .text               c_w.l(__printf_flags_ss_wp.o)
    0x08000604   0x00000024   Code   RO         5054    .text               c_w.l(strstr.o)
    0x08000628   0x0000003e   Code   RO         5056    .text               c_w.l(strlen.o)
    0x08000666   0x00000044   Code   RO         5058    .text               c_w.l(rt_memclr.o)
    0x080006aa   0x0000004e   Code   RO         5060    .text               c_w.l(rt_memclr_w.o)
    0x080006f8   0x00000006   Code   RO         5062    .text               c_w.l(heapauxi.o)
    0x080006fe   0x00000016   Code   RO         5141    .text               c_w.l(_rserrno.o)
    0x08000714   0x00000024   Code   RO         5143    .text               c_w.l(_printf_truncate.o)
    0x08000738   0x000000b2   Code   RO         5145    .text               c_w.l(_printf_intcommon.o)
    0x080007ea   0x00000002   PAD
    0x080007ec   0x00000078   Code   RO         5147    .text               c_w.l(_printf_dec.o)
    0x08000864   0x00000028   Code   RO         5149    .text               c_w.l(_printf_charcount.o)
    0x0800088c   0x0000041a   Code   RO         5151    .text               c_w.l(_printf_fp_dec.o)
    0x08000ca6   0x00000002   PAD
    0x08000ca8   0x00000030   Code   RO         5153    .text               c_w.l(_printf_char_common.o)
    0x08000cd8   0x0000000a   Code   RO         5155    .text               c_w.l(_sputc.o)
    0x08000ce2   0x0000002c   Code   RO         5157    .text               c_w.l(_printf_char.o)
    0x08000d0e   0x00000002   PAD
    0x08000d10   0x000000bc   Code   RO         5161    .text               c_w.l(_printf_wctomb.o)
    0x08000dcc   0x0000007c   Code   RO         5164    .text               c_w.l(_printf_longlong_dec.o)
    0x08000e48   0x00000070   Code   RO         5170    .text               c_w.l(_printf_oct_int_ll.o)
    0x08000eb8   0x000000a0   Code   RO         5192    .text               c_w.l(strtod.o)
    0x08000f58   0x00000008   Code   RO         5255    .text               c_w.l(rt_locale_intlibspace.o)
    0x08000f60   0x00000008   Code   RO         5260    .text               c_w.l(rt_errno_addr_intlibspace.o)
    0x08000f68   0x0000008a   Code   RO         5262    .text               c_w.l(lludiv10.o)
    0x08000ff2   0x00000012   Code   RO         5264    .text               c_w.l(isspace.o)
    0x08001004   0x00000080   Code   RO         5266    .text               c_w.l(_printf_fp_infnan.o)
    0x08001084   0x0000002c   Code   RO         5270    .text               c_w.l(_printf_wchar.o)
    0x080010b0   0x00000040   Code   RO         5272    .text               c_w.l(_sgetc.o)
    0x080010f0   0x000000dc   Code   RO         5274    .text               c_w.l(bigflt0.o)
    0x080011cc   0x00000040   Code   RO         5313    .text               c_w.l(_wcrtomb.o)
    0x0800120c   0x00000008   Code   RO         5334    .text               c_w.l(libspace.o)
    0x08001214   0x0000004a   Code   RO         5339    .text               c_w.l(sys_stackheap_outer.o)
    0x0800125e   0x00000002   PAD
    0x08001260   0x00000010   Code   RO         5341    .text               c_w.l(rt_ctype_table.o)
    0x08001270   0x000004a4   Code   RO         5399    .text               c_w.l(scanf_fp.o)
    0x08001714   0x0000000c   Code   RO         5414    .text               c_w.l(exit.o)
    0x08001720   0x00000080   Code   RO         5420    .text               c_w.l(strcmpv7m.o)
    0x080017a0   0x00000002   Code   RO         5492    .text               c_w.l(use_no_semi.o)
    0x080017a2   0x00000000   Code   RO         5494    .text               c_w.l(indicate_semi.o)
    0x080017a2   0x00000002   PAD
    0x080017a4   0x0000000c   Code   RO         5566    .text               c_w.l(sys_exit.o)
    0x080017b0   0x00000318   Code   RO         5585    .text               c_w.l(scanf_hexfp.o)
    0x08001ac8   0x00000134   Code   RO         5587    .text               c_w.l(scanf_infnan.o)
    0x08001bfc   0x00000026   Code   RO         5630    .text               c_w.l(llshl.o)
    0x08001c22   0x0000001c   Code   RO         5632    .text               c_w.l(_chval.o)
    0x08001c3e   0x0000003e   Code   RO         5277    CL$$btod_d2e        c_w.l(btod.o)
    0x08001c7c   0x00000046   Code   RO         5279    CL$$btod_d2e_denorm_low  c_w.l(btod.o)
    0x08001cc2   0x00000060   Code   RO         5278    CL$$btod_d2e_norm_op1  c_w.l(btod.o)
    0x08001d22   0x00000338   Code   RO         5287    CL$$btod_div_common  c_w.l(btod.o)
    0x0800205a   0x00000002   PAD
    0x0800205c   0x00000054   Code   RO         5285    CL$$btod_e2d        c_w.l(btod.o)
    0x080020b0   0x000000c6   Code   RO         5284    CL$$btod_e2e        c_w.l(btod.o)
    0x08002176   0x00000028   Code   RO         5281    CL$$btod_ediv       c_w.l(btod.o)
    0x0800219e   0x00000028   Code   RO         5283    CL$$btod_edivd      c_w.l(btod.o)
    0x080021c6   0x00000028   Code   RO         5280    CL$$btod_emul       c_w.l(btod.o)
    0x080021ee   0x00000028   Code   RO         5282    CL$$btod_emuld      c_w.l(btod.o)
    0x08002216   0x00000244   Code   RO         5286    CL$$btod_mult_common  c_w.l(btod.o)
    0x0800245a   0x00000018   Code   RO          868    i.ADC_Cmd           stm32f10x_adc.o
    0x08002472   0x00000002   PAD
    0x08002474   0x00000154   Code   RO          747    i.ADC_Configuration  adc.o
    0x080025c8   0x00000018   Code   RO          869    i.ADC_DMACmd        stm32f10x_adc.o
    0x080025e0   0x00000018   Code   RO          873    i.ADC_ExternalTrigConvCmd  stm32f10x_adc.o
    0x080025f8   0x0000000e   Code   RO          876    i.ADC_GetCalibrationStatus  stm32f10x_adc.o
    0x08002606   0x0000000e   Code   RO          882    i.ADC_GetResetCalibrationStatus  stm32f10x_adc.o
    0x08002614   0x00000048   Code   RO          886    i.ADC_Init          stm32f10x_adc.o
    0x0800265c   0x00000074   Code   RO          890    i.ADC_RegularChannelConfig  stm32f10x_adc.o
    0x080026d0   0x0000000a   Code   RO          891    i.ADC_ResetCalibration  stm32f10x_adc.o
    0x080026da   0x0000000a   Code   RO          895    i.ADC_StartCalibration  stm32f10x_adc.o
    0x080026e4   0x00000002   Code   RO          635    i.BusFault_Handler  stm32_it.o
    0x080026e6   0x0000000a   Code   RO         4049    i.ByteSwap          usb_regs.o
    0x080026f0   0x00000118   Code   RO         3805    i.CPAL_I2C_DMA_RX_IRQHandler  cpal_i2c.o
    0x08002808   0x00000144   Code   RO         3806    i.CPAL_I2C_DMA_TX_IRQHandler  cpal_i2c.o
    0x0800294c   0x0000008c   Code   RO         3808    i.CPAL_I2C_ER_IRQHandler  cpal_i2c.o
    0x080029d8   0x00000058   Code   RO         3809    i.CPAL_I2C_EV_IRQHandler  cpal_i2c.o
    0x08002a30   0x000000c4   Code   RO         3810    i.CPAL_I2C_Enable_DMA_IT  cpal_i2c.o
    0x08002af4   0x00000040   Code   RO         3920    i.CPAL_I2C_HAL_DMARXConfig  cpal_i2c_hal_stm32f10x.o
    0x08002b34   0x00000040   Code   RO         3921    i.CPAL_I2C_HAL_DMATXConfig  cpal_i2c_hal_stm32f10x.o
    0x08002b74   0x00000012   Code   RO         3815    i.CPAL_I2C_Timeout  cpal_i2c.o
    0x08002b86   0x00000004   Code   RO          312    i.CPAL_TIMEOUT_UserCallback  cpal_usercallback.o
    0x08002b8a   0x00000002   PAD
    0x08002b8c   0x00000084   Code   RO         4427    i.CTR_HP            usb_int.o
    0x08002c10   0x000001b4   Code   RO         4428    i.CTR_LP            usb_int.o
    0x08002dc4   0x00000020   Code   RO          338    i.CalCurrent        data_poll.o
    0x08002de4   0x000000f8   Code   RO          339    i.CalTemp           data_poll.o
    0x08002edc   0x0000001c   Code   RO          340    i.CalVLD            data_poll.o
    0x08002ef8   0x0000001c   Code   RO          341    i.CalVMCU           data_poll.o
    0x08002f14   0x0000001c   Code   RO          342    i.CalVS             data_poll.o
    0x08002f30   0x0000024c   Code   RO          748    i.Calculate_LaserProtect_CombineSendValue  adc.o
    0x0800317c   0x00000028   Code   RO         4050    i.ClearDTOG_RX      usb_regs.o
    0x080031a4   0x00000028   Code   RO         4051    i.ClearDTOG_TX      usb_regs.o
    0x080031cc   0x00000020   Code   RO         4056    i.Clear_Status_Out  usb_regs.o
    0x080031ec   0x0000004c   Code   RO          343    i.ConvertIntArrayToString  data_poll.o
    0x08003238   0x00000020   Code   RO         1449    i.DAC_Cmd           stm32f10x_dac.o
    0x08003258   0x00000020   Code   RO         1450    i.DAC_DMACmd        stm32f10x_dac.o
    0x08003278   0x00000028   Code   RO         1454    i.DAC_Init          stm32f10x_dac.o
    0x080032a0   0x00000014   Code   RO         1456    i.DAC_SetChannel2Data  stm32f10x_dac.o
    0x080032b4   0x00000020   Code   RO         1458    i.DAC_SoftwareTriggerCmd  stm32f10x_dac.o
    0x080032d4   0x00000004   Code   RO          636    i.DMA1_Channel1_IRQHandler  stm32_it.o
    0x080032d8   0x0000000c   Code   RO         3926    i.DMA1_Channel6_IRQHandler  cpal_i2c_hal_stm32f10x.o
    0x080032e4   0x0000000c   Code   RO         3927    i.DMA1_Channel7_IRQHandler  cpal_i2c_hal_stm32f10x.o
    0x080032f0   0x00000018   Code   RO         1552    i.DMA_ClearITPendingBit  stm32f10x_dma.o
    0x08003308   0x0000001a   Code   RO         1553    i.DMA_Cmd           stm32f10x_dma.o
    0x08003322   0x00000002   PAD
    0x08003324   0x000000f8   Code   RO         1554    i.DMA_DeInit        stm32f10x_dma.o
    0x0800341c   0x00000024   Code   RO         1557    i.DMA_GetITStatus   stm32f10x_dma.o
    0x08003440   0x00000014   Code   RO         1558    i.DMA_ITConfig      stm32f10x_dma.o
    0x08003454   0x0000003a   Code   RO         1559    i.DMA_Init          stm32f10x_dma.o
    0x0800348e   0x00000002   PAD
    0x08003490   0x000000b8   Code   RO         4483    i.DataStageIn       usb_core.o
    0x08003548   0x000000a0   Code   RO         4484    i.DataStageOut      usb_core.o
    0x080035e8   0x00000090   Code   RO          344    i.Data_Poll         data_poll.o
    0x08003678   0x000001b8   Code   RO         4485    i.Data_Setup0       usb_core.o
    0x08003830   0x00000002   Code   RO          637    i.DebugMon_Handler  stm32_it.o
    0x08003832   0x00000002   Code   RO         4693    i.EP1_IN_Callback   usb_endp.o
    0x08003834   0x00000030   Code   RO         4694    i.EP3_OUT_Callback  usb_endp.o
    0x08003864   0x00000054   Code   RO          550    i.EraseAllFlash     flash.o
    0x080038b8   0x0000000c   Code   RO         1677    i.FLASH_ClearFlag   stm32f10x_flash.o
    0x080038c4   0x0000003c   Code   RO         1682    i.FLASH_ErasePage   stm32f10x_flash.o
    0x08003900   0x00000028   Code   RO         1683    i.FLASH_GetBank1Status  stm32f10x_flash.o
    0x08003928   0x00000010   Code   RO         1692    i.FLASH_Lock        stm32f10x_flash.o
    0x08003938   0x00000018   Code   RO         1694    i.FLASH_PrefetchBufferCmd  stm32f10x_flash.o
    0x08003950   0x00000034   Code   RO         1695    i.FLASH_ProgramHalfWord  stm32f10x_flash.o
    0x08003984   0x00000014   Code   RO         1699    i.FLASH_SetLatency  stm32f10x_flash.o
    0x08003998   0x00000018   Code   RO         1700    i.FLASH_Unlock      stm32f10x_flash.o
    0x080039b0   0x00000020   Code   RO         1704    i.FLASH_WaitForLastOperation  stm32f10x_flash.o
    0x080039d0   0x00000020   Code   RO          235    i.FlashEXTRALED     sys_config.o
    0x080039f0   0x0000009c   Code   RO          551    i.FlashProcess      flash.o
    0x08003a8c   0x0000001c   Code   RO          584    i.GPIO_DAC_Configuration  dac.o
    0x08003aa8   0x000000a6   Code   RO         1977    i.GPIO_Init         stm32f10x_gpio.o
    0x08003b4e   0x0000000e   Code   RO         1983    i.GPIO_ReadOutputDataBit  stm32f10x_gpio.o
    0x08003b5c   0x00000004   Code   RO         1984    i.GPIO_ResetBits    stm32f10x_gpio.o
    0x08003b60   0x00000004   Code   RO         1985    i.GPIO_SetBits      stm32f10x_gpio.o
    0x08003b64   0x000000b8   Code   RO          585    i.GenerateTriangle  dac.o
    0x08003c1c   0x00000020   Code   RO         4068    i.GetEPRxAddr       usb_regs.o
    0x08003c3c   0x00000020   Code   RO         4069    i.GetEPRxCount      usb_regs.o
    0x08003c5c   0x0000001c   Code   RO         4071    i.GetEPTxAddr       usb_regs.o
    0x08003c78   0x00000018   Code   RO         4073    i.GetEPTxStatus     usb_regs.o
    0x08003c90   0x00000038   Code   RO         4603    i.Get_SerialNum     hw_config.o
    0x08003cc8   0x00000002   Code   RO          638    i.HardFault_Handler  stm32_it.o
    0x08003cca   0x00000002   PAD
    0x08003ccc   0x00000010   Code   RO         3928    i.I2C1_ER_IRQHandler  cpal_i2c_hal_stm32f10x.o
    0x08003cdc   0x0000000c   Code   RO         3929    i.I2C1_EV_IRQHandler  cpal_i2c_hal_stm32f10x.o
    0x08003ce8   0x00000108   Code   RO         3817    i.I2C_MASTER_ADDR_Handle  cpal_i2c.o
    0x08003df0   0x0000011c   Code   RO         3818    i.I2C_MASTER_RXNE_Handle  cpal_i2c.o
    0x08003f0c   0x00000050   Code   RO         3819    i.I2C_MASTER_START_Handle  cpal_i2c.o
    0x08003f5c   0x00000010   Code   RO         2289    i.IWDG_Enable       stm32f10x_iwdg.o
    0x08003f6c   0x00000010   Code   RO         2291    i.IWDG_ReloadCounter  stm32f10x_iwdg.o
    0x08003f7c   0x0000000c   Code   RO         2292    i.IWDG_SetPrescaler  stm32f10x_iwdg.o
    0x08003f88   0x0000000c   Code   RO         2293    i.IWDG_SetReload    stm32f10x_iwdg.o
    0x08003f94   0x0000000c   Code   RO         2294    i.IWDG_WriteAccessCmd  stm32f10x_iwdg.o
    0x08003fa0   0x00000060   Code   RO         4486    i.In0_Process       usb_core.o
    0x08004000   0x000000a4   Code   RO          586    i.InitDAC           dac.o
    0x080040a4   0x00000014   Code   RO          345    i.InitData          data_poll.o
    0x080040b8   0x00000030   Code   RO          236    i.InitEXTRALED      sys_config.o
    0x080040e8   0x00000024   Code   RO          520    i.InitIWDG          watchdog.o
    0x0800410c   0x00000170   Code   RO          237    i.InitMainBoard     sys_config.o
    0x0800427c   0x00000016   Code   RO         4604    i.InitUSB           hw_config.o
    0x08004292   0x0000003a   Code   RO         4605    i.IntToUnicode      hw_config.o
    0x080042cc   0x00000056   Code   RO          238    i.LimitRangeValue   sys_config.o
    0x08004322   0x0000004a   Code   RO          239    i.MY_NVIC_Init      sys_config.o
    0x0800436c   0x00000024   Code   RO          240    i.MY_NVIC_PriorityGroupConfig  sys_config.o
    0x08004390   0x00000002   Code   RO          639    i.MemManage_Handler  stm32_it.o
    0x08004392   0x00000002   Code   RO          640    i.NMI_Handler       stm32_it.o
    0x08004394   0x00000002   Code   RO         4487    i.NOP_Process       usb_core.o
    0x08004396   0x00000042   Code   RO          241    i.NVIC_Configuration  sys_config.o
    0x080043d8   0x00000064   Code   RO          826    i.NVIC_Init         misc.o
    0x0800443c   0x00000014   Code   RO          827    i.NVIC_PriorityGroupConfig  misc.o
    0x08004450   0x0000001c   Code   RO          313    i.NVIC_SystemReset  cpal_usercallback.o
    0x0800446c   0x000000e0   Code   RO         4488    i.NoData_Setup0     usb_core.o
    0x0800454c   0x0000004c   Code   RO         4489    i.Out0_Process      usb_core.o
    0x08004598   0x00000024   Code   RO         4409    i.PMAToUserBufferCopy  usb_mem.o
    0x080045bc   0x00000002   Code   RO          641    i.PendSV_Handler    stm32_it.o
    0x080045be   0x00000002   PAD
    0x080045c0   0x00000040   Code   RO         4490    i.Post0_Process     usb_core.o
    0x08004600   0x0000002c   Code   RO         4848    i.PowerOn           usb_pwr.o
    0x0800462c   0x000000cc   Code   RO          346    i.Process_cmd       data_poll.o
    0x080046f8   0x00000014   Code   RO         2391    i.RCC_ADCCLKConfig  stm32f10x_rcc.o
    0x0800470c   0x0000001c   Code   RO         2392    i.RCC_AHBPeriphClockCmd  stm32f10x_rcc.o
    0x08004728   0x0000001c   Code   RO         2393    i.RCC_APB1PeriphClockCmd  stm32f10x_rcc.o
    0x08004744   0x0000001c   Code   RO         2395    i.RCC_APB2PeriphClockCmd  stm32f10x_rcc.o
    0x08004760   0x000000bc   Code   RO          242    i.RCC_Configuration  sys_config.o
    0x0800481c   0x00000040   Code   RO         2402    i.RCC_DeInit        stm32f10x_rcc.o
    0x0800485c   0x000000ac   Code   RO         2403    i.RCC_GetClocksFreq  stm32f10x_rcc.o
    0x08004908   0x00000030   Code   RO         2404    i.RCC_GetFlagStatus  stm32f10x_rcc.o
    0x08004938   0x00000010   Code   RO         2406    i.RCC_GetSYSCLKSource  stm32f10x_rcc.o
    0x08004948   0x00000014   Code   RO         2407    i.RCC_HCLKConfig    stm32f10x_rcc.o
    0x0800495c   0x00000038   Code   RO         2408    i.RCC_HSEConfig     stm32f10x_rcc.o
    0x08004994   0x00000014   Code   RO         2414    i.RCC_PCLK1Config   stm32f10x_rcc.o
    0x080049a8   0x00000014   Code   RO         2415    i.RCC_PCLK2Config   stm32f10x_rcc.o
    0x080049bc   0x0000000c   Code   RO         2416    i.RCC_PLLCmd        stm32f10x_rcc.o
    0x080049c8   0x00000014   Code   RO         2417    i.RCC_PLLConfig     stm32f10x_rcc.o
    0x080049dc   0x00000014   Code   RO         2420    i.RCC_SYSCLKConfig  stm32f10x_rcc.o
    0x080049f0   0x0000000c   Code   RO         2421    i.RCC_USBCLKConfig  stm32f10x_rcc.o
    0x080049fc   0x00000030   Code   RO         2422    i.RCC_WaitForHSEStartUp  stm32f10x_rcc.o
    0x08004a2c   0x0000002c   Code   RO          552    i.ReadFlashData     flash.o
    0x08004a58   0x000000a4   Code   RO          749    i.ReadVoltage       adc.o
    0x08004afc   0x0000002e   Code   RO          347    i.RecvDepackage     data_poll.o
    0x08004b2a   0x00000002   PAD
    0x08004b2c   0x00000024   Code   RO         4695    i.SOF_Callback      usb_endp.o
    0x08004b50   0x00000002   Code   RO          642    i.SVC_Handler       stm32_it.o
    0x08004b52   0x00000002   PAD
    0x08004b54   0x00000060   Code   RO         4971    i.SendDataToPhone   wifiap.o
    0x08004bb4   0x00000010   Code   RO         4079    i.SetBTABLE         usb_regs.o
    0x08004bc4   0x00000004   Code   RO          587    i.SetCurrent        dac.o
    0x08004bc8   0x00000048   Code   RO         4491    i.SetDeviceAddress  usb_core.o
    0x08004c10   0x00000020   Code   RO         4093    i.SetEPRxAddr       usb_regs.o
    0x08004c30   0x00000044   Code   RO         4094    i.SetEPRxCount      usb_regs.o
    0x08004c74   0x00000030   Code   RO         4095    i.SetEPRxStatus     usb_regs.o
    0x08004ca4   0x00000028   Code   RO         4096    i.SetEPRxValid      usb_regs.o
    0x08004ccc   0x00000020   Code   RO         4097    i.SetEPTxAddr       usb_regs.o
    0x08004cec   0x0000001c   Code   RO         4098    i.SetEPTxCount      usb_regs.o
    0x08004d08   0x00000030   Code   RO         4099    i.SetEPTxStatus     usb_regs.o
    0x08004d38   0x00000028   Code   RO         4100    i.SetEPTxValid      usb_regs.o
    0x08004d60   0x0000001c   Code   RO         4101    i.SetEPType         usb_regs.o
    0x08004d7c   0x00000004   Code   RO          792    i.SetSysClock       system_stm32f10x.o
    0x08004d80   0x000000b0   Code   RO          793    i.SetSysClockTo72   system_stm32f10x.o
    0x08004e30   0x000000c0   Code   RO          588    i.SetTemperature    dac.o
    0x08004ef0   0x0000002c   Code   RO         4607    i.Set_System        hw_config.o
    0x08004f1c   0x00000014   Code   RO         4608    i.Set_USBClock      hw_config.o
    0x08004f30   0x00000074   Code   RO         4492    i.Setup0_Process    usb_core.o
    0x08004fa4   0x00000110   Code   RO         4493    i.Standard_ClearFeature  usb_core.o
    0x080050b4   0x00000028   Code   RO         4494    i.Standard_GetConfiguration  usb_core.o
    0x080050dc   0x00000020   Code   RO         4495    i.Standard_GetDescriptorData  usb_core.o
    0x080050fc   0x00000028   Code   RO         4496    i.Standard_GetInterface  usb_core.o
    0x08005124   0x000000bc   Code   RO         4497    i.Standard_GetStatus  usb_core.o
    0x080051e0   0x00000038   Code   RO         4498    i.Standard_SetConfiguration  usb_core.o
    0x08005218   0x00000024   Code   RO         4499    i.Standard_SetDeviceFeature  usb_core.o
    0x0800523c   0x00000094   Code   RO         4500    i.Standard_SetEndPointFeature  usb_core.o
    0x080052d0   0x0000004c   Code   RO         4501    i.Standard_SetInterface  usb_core.o
    0x0800531c   0x00000074   Code   RO          553    i.StoreIntoFlash    flash.o
    0x08005390   0x00000050   Code   RO          243    i.SwitchDATALED     sys_config.o
    0x080053e0   0x00000094   Code   RO          244    i.SwitchLaser       sys_config.o
    0x08005474   0x0000008c   Code   RO          245    i.SwitchTEC         sys_config.o
    0x08005500   0x0000001a   Code   RO          750    i.Synchronize_ADC_DAC  adc.o
    0x0800551a   0x00000002   PAD
    0x0800551c   0x00000050   Code   RO         3821    i.SysTick_Handler   cpal_i2c.o
    0x0800556c   0x00000050   Code   RO          795    i.SystemInit        system_stm32f10x.o
    0x080055bc   0x0000005a   Code   RO          589    i.TIM2_Configuration  dac.o
    0x08005616   0x00000002   PAD
    0x08005618   0x0000001c   Code   RO          643    i.TIM3_IRQHandler   stm32_it.o
    0x08005634   0x0000003c   Code   RO          457    i.TIM3_Init         usart3.o
    0x08005670   0x00000028   Code   RO          458    i.TIM3_Set          usart3.o
    0x08005698   0x0000001c   Code   RO          644    i.TIM4_IRQHandler   stm32_it.o
    0x080056b4   0x0000003c   Code   RO          459    i.TIM4_Init         usart3.o
    0x080056f0   0x00000028   Code   RO          460    i.TIM4_Set          usart3.o
    0x08005718   0x00000030   Code   RO          645    i.TIM7_IRQHandler   stm32_it.o
    0x08005748   0x0000003c   Code   RO          461    i.TIM7_Int_Init     usart3.o
    0x08005784   0x00000018   Code   RO         3027    i.TIM_Cmd           stm32f10x_tim.o
    0x0800579c   0x00000088   Code   RO         3061    i.TIM_OC2Init       stm32f10x_tim.o
    0x08005824   0x00000010   Code   RO         3084    i.TIM_SelectOutputTrigger  stm32f10x_tim.o
    0x08005834   0x0000009c   Code   RO         3098    i.TIM_TimeBaseInit  stm32f10x_tim.o
    0x080058d0   0x00000012   Code   RO         3099    i.TIM_TimeBaseStructInit  stm32f10x_tim.o
    0x080058e2   0x00000002   Code   RO          646    i.USART1_IRQHandler  stm32_it.o
    0x080058e4   0x00000064   Code   RO          647    i.USART3_IRQHandler  stm32_it.o
    0x08005948   0x00000040   Code   RO         3567    i.USART_GetITStatus  stm32f10x_usart.o
    0x08005988   0x000000bc   Code   RO         3570    i.USART_Init        stm32f10x_usart.o
    0x08005a44   0x00000008   Code   RO         3577    i.USART_ReceiveData  stm32f10x_usart.o
    0x08005a4c   0x0000005a   Code   RO          348    i.USART_Send_Begin  data_poll.o
    0x08005aa6   0x00000002   PAD
    0x08005aa8   0x0000001c   Code   RO         4609    i.USB_Cable_Config  hw_config.o
    0x08005ac4   0x00000004   Code   RO          648    i.USB_HP_CAN1_TX_IRQHandler  stm32_it.o
    0x08005ac8   0x00000028   Code   RO         4457    i.USB_Init          usb_init.o
    0x08005af0   0x0000002a   Code   RO         4610    i.USB_Interrupts_Config  hw_config.o
    0x08005b1a   0x00000002   PAD
    0x08005b1c   0x00000060   Code   RO         4724    i.USB_Istr          usb_istr.o
    0x08005b7c   0x00000004   Code   RO          649    i.USB_LP_CAN1_RX0_IRQHandler  stm32_it.o
    0x08005b80   0x00000020   Code   RO         4022    i.USB_SIL_Init      usb_sil.o
    0x08005ba0   0x00000024   Code   RO         4023    i.USB_SIL_Read      usb_sil.o
    0x08005bc4   0x00000002   Code   RO          650    i.UsageFault_Handler  stm32_it.o
    0x08005bc6   0x00000002   PAD
    0x08005bc8   0x0000002c   Code   RO         4410    i.UserToPMABufferCopy  usb_mem.o
    0x08005bf4   0x00000054   Code   RO         4744    i.Virtual_Com_Port_Data_Setup  usb_prop.o
    0x08005c48   0x0000000c   Code   RO         4745    i.Virtual_Com_Port_GetConfigDescriptor  usb_prop.o
    0x08005c54   0x0000000c   Code   RO         4746    i.Virtual_Com_Port_GetDeviceDescriptor  usb_prop.o
    0x08005c60   0x0000001c   Code   RO         4747    i.Virtual_Com_Port_GetLineCoding  usb_prop.o
    0x08005c7c   0x00000020   Code   RO         4748    i.Virtual_Com_Port_GetStringDescriptor  usb_prop.o
    0x08005c9c   0x00000014   Code   RO         4749    i.Virtual_Com_Port_Get_Interface_Setting  usb_prop.o
    0x08005cb0   0x00000028   Code   RO         4750    i.Virtual_Com_Port_NoData_Setup  usb_prop.o
    0x08005cd8   0x000000e0   Code   RO         4751    i.Virtual_Com_Port_Reset  usb_prop.o
    0x08005db8   0x00000018   Code   RO         4752    i.Virtual_Com_Port_SetConfiguration  usb_prop.o
    0x08005dd0   0x0000000c   Code   RO         4753    i.Virtual_Com_Port_SetDeviceAddress  usb_prop.o
    0x08005ddc   0x0000001c   Code   RO         4754    i.Virtual_Com_Port_SetLineCoding  usb_prop.o
    0x08005df8   0x00000014   Code   RO         4755    i.Virtual_Com_Port_Status_In  usb_prop.o
    0x08005e0c   0x00000002   Code   RO         4756    i.Virtual_Com_Port_Status_Out  usb_prop.o
    0x08005e0e   0x00000002   PAD
    0x08005e10   0x00000024   Code   RO         4757    i.Virtual_Com_Port_init  usb_prop.o
    0x08005e34   0x0000054c   Code   RO          349    i.WIFIReceivedCommandProcess  data_poll.o
    0x08006380   0x00000028   Code   RO         5324    i.__ARM_fpclassify  m_ws.l(fpclassify.o)
    0x080063a8   0x0000000e   Code   RO         5217    i.__mathlib_dbl_overflow  m_ws.l(dunder.o)
    0x080063b6   0x00000002   PAD
    0x080063b8   0x00000010   Code   RO         5219    i.__mathlib_dbl_underflow  m_ws.l(dunder.o)
    0x080063c8   0x00000010   Code   RO         5560    i.__mathlib_narrow  m_ws.l(narrow.o)
    0x080063d8   0x00000088   Code   RO         5561    i.__mathlib_tofloat  m_ws.l(narrow.o)
    0x08006460   0x00000016   Code   RO         5642    i.__support_ldexp   m_ws.l(ldexp.o)
    0x08006476   0x0000000e   Code   RO         5040    i._is_digit         c_w.l(__printf_wp.o)
    0x08006484   0x0000016c   Code   RO         4972    i.atk_8266_UDP_Init  wifiap.o
    0x080065f0   0x00000024   Code   RO         4893    i.atk_8266_check_cmd  common.o
    0x08006614   0x0000005c   Code   RO         4897    i.atk_8266_send_cmd  common.o
    0x08006670   0x00000058   Code   RO         4898    i.atk_8266_send_data  common.o
    0x080066c8   0x0000002c   Code   RO          532    i.delay_ms          delay.o
    0x080066f4   0x0000002a   Code   RO          533    i.delay_us          delay.o
    0x0800671e   0x00000002   PAD
    0x08006720   0x00000058   Code   RO         5619    i.frexp             m_ws.l(frexp.o)
    0x08006778   0x0000006c   Code   RO          350    i.judgeIsIphoneSendCommond  data_poll.o
    0x080067e4   0x00000074   Code   RO         5643    i.ldexp             m_ws.l(ldexp.o)
    0x08006858   0x0000000a   Code   RO           11    i.main              main.o
    0x08006862   0x00000002   PAD
    0x08006864   0x0000002c   Code   RO          352    i.rx_dequeue        data_poll.o
    0x08006890   0x0000003c   Code   RO          353    i.rx_enqueue        data_poll.o
    0x080068cc   0x0000001c   Code   RO         5137    i.strtod            m_ws.l(strtod.o)
    0x080068e8   0x0000002c   Code   RO          354    i.tx_dequeue        data_poll.o
    0x08006914   0x0000003c   Code   RO          355    i.tx_enqueue        data_poll.o
    0x08006950   0x00000044   Code   RO          462    i.u3_printf         usart3.o
    0x08006994   0x0000009c   Code   RO          463    i.usart3_init       usart3.o
    0x08006a30   0x0000002c   Code   RO         5316    locale$$code        c_w.l(lc_numeric_c.o)
    0x08006a5c   0x0000002c   Code   RO         5537    locale$$code        c_w.l(lc_ctype_c.o)
    0x08006a88   0x00000062   Code   RO         5066    x$fpl$d2f           fz_ws.l(d2f.o)
    0x08006aea   0x00000002   PAD
    0x08006aec   0x00000150   Code   RO         5068    x$fpl$dadd          fz_ws.l(daddsub_clz.o)
    0x08006c3c   0x00000010   Code   RO         5200    x$fpl$dcheck1       fz_ws.l(dcheck1.o)
    0x08006c4c   0x00000018   Code   RO         5202    x$fpl$dcmpinf       fz_ws.l(dcmpi.o)
    0x08006c64   0x000002b0   Code   RO         5075    x$fpl$ddiv          fz_ws.l(ddiv.o)
    0x08006f14   0x00000078   Code   RO         5078    x$fpl$deqf          fz_ws.l(deqf.o)
    0x08006f8c   0x0000005e   Code   RO         5080    x$fpl$dfix          fz_ws.l(dfix.o)
    0x08006fea   0x00000002   PAD
    0x08006fec   0x0000005a   Code   RO         5084    x$fpl$dfixu         fz_ws.l(dfixu.o)
    0x08007046   0x0000002e   Code   RO         5089    x$fpl$dflt          fz_ws.l(dflt_clz.o)
    0x08007074   0x00000026   Code   RO         5088    x$fpl$dfltu         fz_ws.l(dflt_clz.o)
    0x0800709a   0x00000002   PAD
    0x0800709c   0x00000078   Code   RO         5094    x$fpl$dleqf         fz_ws.l(dleqf.o)
    0x08007114   0x00000154   Code   RO         5096    x$fpl$dmul          fz_ws.l(dmul.o)
    0x08007268   0x0000009c   Code   RO         5204    x$fpl$dnaninf       fz_ws.l(dnaninf.o)
    0x08007304   0x0000000c   Code   RO         5206    x$fpl$dretinf       fz_ws.l(dretinf.o)
    0x08007310   0x0000006c   Code   RO         5098    x$fpl$drleqf        fz_ws.l(drleqf.o)
    0x0800737c   0x00000016   Code   RO         5069    x$fpl$drsb          fz_ws.l(daddsub_clz.o)
    0x08007392   0x00000002   PAD
    0x08007394   0x000001d4   Code   RO         5070    x$fpl$dsub          fz_ws.l(daddsub_clz.o)
    0x08007568   0x00000056   Code   RO         5100    x$fpl$f2d           fz_ws.l(f2d.o)
    0x080075be   0x00000002   PAD
    0x080075c0   0x000000c4   Code   RO         5102    x$fpl$fadd          fz_ws.l(faddsub_clz.o)
    0x08007684   0x00000184   Code   RO         5109    x$fpl$fdiv          fz_ws.l(fdiv.o)
    0x08007808   0x00000036   Code   RO         5112    x$fpl$ffix          fz_ws.l(ffix.o)
    0x0800783e   0x00000002   PAD
    0x08007840   0x00000026   Code   RO         5116    x$fpl$ffltu         fz_ws.l(fflt_clz.o)
    0x08007866   0x00000002   PAD
    0x08007868   0x00000102   Code   RO         5122    x$fpl$fmul          fz_ws.l(fmul.o)
    0x0800796a   0x0000008c   Code   RO         5208    x$fpl$fnaninf       fz_ws.l(fnaninf.o)
    0x080079f6   0x0000000a   Code   RO         5210    x$fpl$fretinf       fz_ws.l(fretinf.o)
    0x08007a00   0x00000014   Code   RO         5103    x$fpl$frsb          fz_ws.l(faddsub_clz.o)
    0x08007a14   0x000000ea   Code   RO         5104    x$fpl$fsub          fz_ws.l(faddsub_clz.o)
    0x08007afe   0x00000004   Code   RO         5124    x$fpl$printf1       fz_ws.l(printf1.o)
    0x08007b02   0x00000064   Code   RO         5320    x$fpl$retnan        fz_ws.l(retnan.o)
    0x08007b66   0x0000005c   Code   RO         5126    x$fpl$scalbn        fz_ws.l(scalbn.o)
    0x08007bc2   0x00000004   Code   RO         5322    x$fpl$scanf1        fz_ws.l(scanf1.o)
    0x08007bc6   0x00000008   Code   RO         5554    x$fpl$scanf2        fz_ws.l(scanf2.o)
    0x08007bce   0x00000030   Code   RO         5490    x$fpl$trapveneer    fz_ws.l(trapv.o)
    0x08007bfe   0x00000000   Code   RO         5212    x$fpl$usenofp       fz_ws.l(usenofp.o)
    0x08007bfe   0x00000002   PAD
    0x08007c00   0x0000005c   Data   RO          591    .constdata          dac.o
    0x08007c5c   0x00000048   Data   RO         3931    .constdata          cpal_i2c_hal_stm32f10x.o
    0x08007ca4   0x00000008   Data   RO         3932    .constdata          cpal_i2c_hal_stm32f10x.o
    0x08007cac   0x00000008   Data   RO         3933    .constdata          cpal_i2c_hal_stm32f10x.o
    0x08007cb4   0x00000008   Data   RO         3934    .constdata          cpal_i2c_hal_stm32f10x.o
    0x08007cbc   0x00000008   Data   RO         3935    .constdata          cpal_i2c_hal_stm32f10x.o
    0x08007cc4   0x00000008   Data   RO         3936    .constdata          cpal_i2c_hal_stm32f10x.o
    0x08007ccc   0x00000008   Data   RO         3937    .constdata          cpal_i2c_hal_stm32f10x.o
    0x08007cd4   0x00000012   Data   RO         4676    .constdata          usb_desc.o
    0x08007ce6   0x00000043   Data   RO         4677    .constdata          usb_desc.o
    0x08007d29   0x00000004   Data   RO         4678    .constdata          usb_desc.o
    0x08007d2d   0x00000026   Data   RO         4679    .constdata          usb_desc.o
    0x08007d53   0x00000032   Data   RO         4680    .constdata          usb_desc.o
    0x08007d85   0x00000003   PAD
    0x08007d88   0x00000010   Data   RO         4973    .constdata          wifiap.o
    0x08007d98   0x00000028   Data   RO         5028    .constdata          c_w.l(_printf_hex_int_ll_ptr.o)
    0x08007dc0   0x00000011   Data   RO         5048    .constdata          c_w.l(__printf_flags_ss_wp.o)
    0x08007dd1   0x00000003   PAD
    0x08007dd4   0x00000008   Data   RO         5162    .constdata          c_w.l(_printf_wctomb.o)
    0x08007ddc   0x00000094   Data   RO         5275    .constdata          c_w.l(bigflt0.o)
    0x08007e70   0x00000005   Data   RO         4899    .conststring        common.o
    0x08007e75   0x00000003   PAD
    0x08007e78   0x00000004   Data   RO         4903    .conststring        common.o
    0x08007e7c   0x00000009   Data   RO         4905    .conststring        common.o
    0x08007e85   0x00000003   PAD
    0x08007e88   0x00000020   Data   RO         5671    Region$$Table       anon$$obj.o
    0x08007ea8   0x00000008   Data   RO         5549    c$$dinf             fz_ws.l(fpconst.o)
    0x08007eb0   0x0000001c   Data   RO         5315    locale$$data        c_w.l(lc_numeric_c.o)
    0x08007ecc   0x00000110   Data   RO         5536    locale$$data        c_w.l(lc_ctype_c.o)


    Execution Region RW_IRAM1 (Base: 0x20000000, Size: 0x00007898, Max: 0x00010000, ABSOLUTE, COMPRESSED[0x000000cc])

    Base Addr    Size         Type   Attr      Idx    E Section Name        Object

    0x20000000   0x00000001   Data   RW          246    .data               sys_config.o
    0x20000001   0x00000001   PAD
    0x20000002   0x0000000a   Data   RW          357    .data               data_poll.o
    0x2000000c   0x00000002   Data   RW          466    .data               usart3.o
    0x2000000e   0x00000002   PAD
    0x20000010   0x0000001c   Data   RW          554    .data               flash.o
    0x2000002c   0x00000004   PAD
    0x20000030   0x00000008   Data   RW          592    .data               dac.o
    0x20000038   0x00000010   Data   RW          593    .data               dac.o
    0x20000048   0x00000004   Data   RW          594    .data               dac.o
    0x2000004c   0x00000004   Data   RW          595    .data               dac.o
    0x20000050   0x00000004   Data   RW          596    .data               dac.o
    0x20000054   0x00000001   Data   RW          652    .data               stm32_it.o
    0x20000055   0x00000001   Data   RW          653    .data               stm32_it.o
    0x20000056   0x00000001   Data   RW          654    .data               stm32_it.o
    0x20000057   0x00000001   Data   RW          655    .data               stm32_it.o
    0x20000058   0x00000001   Data   RW          656    .data               stm32_it.o
    0x20000059   0x00000001   Data   RW          657    .data               stm32_it.o
    0x2000005a   0x00000014   Data   RW         2423    .data               stm32f10x_rcc.o
    0x2000006e   0x00000002   PAD
    0x20000070   0x00000008   Data   RW         3938    .data               cpal_i2c_hal_stm32f10x.o
    0x20000078   0x00000048   Data   RW         3939    .data               cpal_i2c_hal_stm32f10x.o
    0x200000c0   0x00000008   Data   RW         3940    .data               cpal_i2c_hal_stm32f10x.o
    0x200000c8   0x00000004   Data   RW         4429    .data               usb_int.o
    0x200000cc   0x00000001   Data   RW         4459    .data               usb_init.o
    0x200000cd   0x00000003   PAD
    0x200000d0   0x0000000c   Data   RW         4460    .data               usb_init.o
    0x200000dc   0x00000002   Data   RW         4462    .data               usb_init.o
    0x200000de   0x00000004   Data   RW         4502    .data               usb_core.o
    0x200000e2   0x0000001a   Data   RW         4681    .data               usb_desc.o
    0x200000fc   0x00000004   Data   RW         4699    .data               usb_endp.o
    0x20000100   0x00000004   Data   RW         4725    .data               usb_istr.o
    0x20000104   0x0000001c   Data   RW         4726    .data               usb_istr.o
    0x20000120   0x0000001c   Data   RW         4727    .data               usb_istr.o
    0x2000013c   0x0000006c   Data   RW         4758    .data               usb_prop.o
    0x200001a8   0x00000002   Data   RW         4759    .data               usb_prop.o
    0x200001aa   0x00000002   PAD
    0x200001ac   0x00000024   Data   RW         4760    .data               usb_prop.o
    0x200001d0   0x00000004   Data   RW         4852    .data               usb_pwr.o
    0x200001d4   0x00000004   Data   RW         4909    .data               common.o
    0x200001d8   0x00000004   Data   RW         4913    .data               common.o
    0x200001dc   0x00000004   Data   RW         4915    .data               common.o
    0x200001e0   0x000011e0   Zero   RW          356    .bss                data_poll.o
    0x200013c0   0x000005dc   Zero   RW          464    .bss                usart3.o
    0x2000199c   0x00000080   Zero   RW          465    .bss                usart3.o
    0x20001a1c   0x00000fa0   Zero   RW          590    .bss                dac.o
    0x200029bc   0x00000100   Zero   RW          651    .bss                stm32_it.o
    0x20002abc   0x000046ee   Zero   RW          751    .bss                adc.o
    0x200071aa   0x00000002   PAD
    0x200071ac   0x0000002c   Zero   RW         3930    .bss                cpal_i2c_hal_stm32f10x.o
    0x200071d8   0x0000001c   Zero   RW         4458    .bss                usb_init.o
    0x200071f4   0x00000040   Zero   RW         4696    .bss                usb_endp.o
    0x20007234   0x00000060   Zero   RW         5335    .bss                c_w.l(libspace.o)
    0x20007294   0x00000004   PAD
    0x20007298   0x00000200   Zero   RW            2    HEAP                startup_stm32f10x_hd.o
    0x20007498   0x00000400   Zero   RW            1    STACK               startup_stm32f10x_hd.o


==============================================================================

Image component sizes


      Code (inc. data)   RO Data    RW Data    ZI Data      Debug   Object Name

      1118        166          0          0      18158       3857   adc.o
       216         32         18         12          0       2831   common.o
      1754         94          0          0          0       8278   cpal_i2c.o
       180         46        120         88         44       8408   cpal_i2c_hal_stm32f10x.o
        32          8          0          0          0      16079   cpal_usercallback.o
       662         80         92         36       4000       4271   dac.o
      2616        364          0         10       4576      12918   data_poll.o
        86          0          0          0          0        966   delay.o
       400         54          0         28          0       3303   flash.o
       270         20          0          0          0       4782   hw_config.o
        10          0          0          0          0     298189   main.o
       120         14          0          0          0       1851   misc.o
        64         26        304          0       1536        972   startup_stm32f10x_hd.o
       234         38          0          6        256       7831   stm32_it.o
       308         10          0          0          0       8468   stm32f10x_adc.o
       156         24          0          0          0       4093   stm32f10x_dac.o
       412         28          0          0          0       6031   stm32f10x_dma.o
       280         48          0          0          0       5765   stm32f10x_flash.o
       188          0          0          0          0       4153   stm32f10x_gpio.o
        68         30          0          0          0       2834   stm32f10x_iwdg.o
       632        112          0         20          0      13800   stm32f10x_rcc.o
       350         50          0          0          0       4298   stm32f10x_tim.o
       260          6          0          0          0       4241   stm32f10x_usart.o
      1266         88          0          1          0       6544   sys_config.o
       260         26          0          0          0       2373   system_stm32f10x.o
       484         68          0          2       1628       4648   usart3.o
      2322        280          0          4          0      14823   usb_core.o
         0          0        177         26          0       1003   usb_desc.o
        86         16          0          4         64       2304   usb_endp.o
        40         18          0         15         28       4006   usb_init.o
       568         52          0          4          0       2321   usb_int.o
        96         16          0         60          0       1196   usb_istr.o
        80         12          0          0          0       1828   usb_mem.o
       574        100          0        146          0      10885   usb_prop.o
        44          8          0          4          0       1673   usb_pwr.o
       618        104          0          0          0       9747   usb_regs.o
        68          8          0          0          0       1754   usb_sil.o
        36          0          0          0          0        439   watchdog.o
       460        140         16          0          0       1146   wifiap.o

    ----------------------------------------------------------------------
     17450       2186        768        480      30292     494909   Object Totals
         0          0         32          0          0          0   (incl. Generated)
        32          0          9         14          2          0   (incl. Padding)

    ----------------------------------------------------------------------

      Code (inc. data)   RO Data    RW Data    ZI Data      Debug   Library Member Name

        44          6          0          0          0         84   __2sprintf.o
        90          0          0          0          0          0   __dczerorl2.o
         8          0          0          0          0         68   __main.o
       392          4         17          0          0         92   __printf_flags_ss_wp.o
        14          0          0          0          0         68   __printf_wp.o
         0          0          0          0          0          0   __rtentry.o
        12          0          0          0          0          0   __rtentry2.o
         6          0          0          0          0          0   __rtentry4.o
        52          8          0          0          0          0   __scatter.o
        28          0          0          0          0          0   __scatter_zi.o
        28          0          0          0          0         68   _chval.o
         6          0          0          0          0          0   _printf_a.o
         6          0          0          0          0          0   _printf_c.o
        44          0          0          0          0        108   _printf_char.o
        48          6          0          0          0         96   _printf_char_common.o
        40          0          0          0          0         68   _printf_charcount.o
         6          0          0          0          0          0   _printf_d.o
       120         16          0          0          0         92   _printf_dec.o
         6          0          0          0          0          0   _printf_e.o
         6          0          0          0          0          0   _printf_f.o
      1050          0          0          0          0        216   _printf_fp_dec.o
       128         16          0          0          0         84   _printf_fp_infnan.o
         6          0          0          0          0          0   _printf_g.o
       148          4         40          0          0        160   _printf_hex_int_ll_ptr.o
         6          0          0          0          0          0   _printf_i.o
       178          0          0          0          0         88   _printf_intcommon.o
        10          0          0          0          0          0   _printf_l.o
         6          0          0          0          0          0   _printf_lc.o
        10          0          0          0          0          0   _printf_ll.o
         6          0          0          0          0          0   _printf_lld.o
         6          0          0          0          0          0   _printf_lli.o
         6          0          0          0          0          0   _printf_llo.o
         6          0          0          0          0          0   _printf_llu.o
         6          0          0          0          0          0   _printf_llx.o
       124         16          0          0          0         92   _printf_longlong_dec.o
         6          0          0          0          0          0   _printf_ls.o
         6          0          0          0          0          0   _printf_n.o
         6          0          0          0          0          0   _printf_o.o
       112          8          0          0          0        124   _printf_oct_int_ll.o
         6          0          0          0          0          0   _printf_p.o
        78          0          0          0          0        108   _printf_pad.o
         0          0          0          0          0          0   _printf_percent.o
         4          0          0          0          0          0   _printf_percent_end.o
         6          0          0          0          0          0   _printf_s.o
        82          0          0          0          0         80   _printf_str.o
        36          0          0          0          0         84   _printf_truncate.o
         6          0          0          0          0          0   _printf_u.o
        44          0          0          0          0        108   _printf_wchar.o
       188          6          8          0          0         92   _printf_wctomb.o
         6          0          0          0          0          0   _printf_x.o
        22          0          0          0          0        100   _rserrno.o
        64          0          0          0          0         84   _sgetc.o
        10          0          0          0          0         68   _sputc.o
        64          0          0          0          0         92   _wcrtomb.o
       220          4        148          0          0         96   bigflt0.o
      2074        132          0          0          0        940   btod.o
        36          4          0          0          0         76   c89vsprintf.o
        12          0          0          0          0         72   exit.o
         6          0          0          0          0        152   heapauxi.o
         0          0          0          0          0          0   indicate_semi.o
        18          0          0          0          0         76   isspace.o
        44         10        272          0          0         76   lc_ctype_c.o
        44         10         28          0          0         76   lc_numeric_c.o
         2          0          0          0          0          0   libinit.o
        30          0          0          0          0          0   libinit2.o
         2          0          0          0          0          0   libshutdown.o
         2          0          0          0          0          0   libshutdown2.o
         8          4          0          0         96         68   libspace.o
        38          0          0          0          0         68   llshl.o
       138          0          0          0          0         80   lludiv10.o
        16          4          0          0          0         76   rt_ctype_table.o
         8          4          0          0          0         68   rt_errno_addr_intlibspace.o
         8          4          0          0          0         68   rt_locale_intlibspace.o
        68          0          0          0          0         68   rt_memclr.o
        78          0          0          0          0         80   rt_memclr_w.o
         2          0          0          0          0          0   rtexit.o
        10          0          0          0          0          0   rtexit2.o
      1188         12          0          0          0        148   scanf_fp.o
       792         14          0          0          0        100   scanf_hexfp.o
       308         16          0          0          0        100   scanf_infnan.o
       128          0          0          0          0         68   strcmpv7m.o
        62          0          0          0          0         76   strlen.o
        36          0          0          0          0         80   strstr.o
       160         12          0          0          0        120   strtod.o
        12          4          0          0          0         68   sys_exit.o
        74          0          0          0          0         80   sys_stackheap_outer.o
         2          0          0          0          0         68   use_no_semi.o
        98          4          0          0          0         92   d2f.o
       826         16          0          0          0        348   daddsub_clz.o
        16          4          0          0          0         68   dcheck1.o
        24          0          0          0          0         68   dcmpi.o
       688        140          0          0          0        208   ddiv.o
       120          4          0          0          0         92   deqf.o
        94          4          0          0          0         92   dfix.o
        90          4          0          0          0         92   dfixu.o
        84          0          0          0          0        136   dflt_clz.o
       120          4          0          0          0         92   dleqf.o
       340         12          0          0          0        104   dmul.o
       156          4          0          0          0         92   dnaninf.o
        12          0          0          0          0         68   dretinf.o
       108          0          0          0          0         80   drleqf.o
        86          4          0          0          0         84   f2d.o
       450          8          0          0          0        236   faddsub_clz.o
       388         76          0          0          0         96   fdiv.o
        54          4          0          0          0         84   ffix.o
        38          0          0          0          0         68   fflt_clz.o
       258          4          0          0          0         84   fmul.o
       140          4          0          0          0         84   fnaninf.o
         0          0          8          0          0          0   fpconst.o
        10          0          0          0          0         68   fretinf.o
         4          0          0          0          0         68   printf1.o
       100          0          0          0          0         68   retnan.o
        92          0          0          0          0         68   scalbn.o
         4          0          0          0          0         68   scanf1.o
         8          0          0          0          0         84   scanf2.o
        48          0          0          0          0         68   trapv.o
         0          0          0          0          0          0   usenofp.o
        30          6          0          0          0        136   dunder.o
        40          0          0          0          0         68   fpclassify.o
        88          8          0          0          0         76   frexp.o
       138          0          0          0          0        160   ldexp.o
       152          4          0          0          0        168   narrow.o
        28          0          0          0          0         80   strtod.o

    ----------------------------------------------------------------------
     13990        640        524          0        100       8920   Library Totals
        34          2          3          0          4          0   (incl. Padding)

    ----------------------------------------------------------------------

      Code (inc. data)   RO Data    RW Data    ZI Data      Debug   Library Name

      9024        324        513          0         96       5372   c_w.l
      4456        296          8          0          0       2860   fz_ws.l
       476         18          0          0          0        688   m_ws.l

    ----------------------------------------------------------------------
     13990        640        524          0        100       8920   Library Totals

    ----------------------------------------------------------------------

==============================================================================


      Code (inc. data)   RO Data    RW Data    ZI Data      Debug   

     31440       2826       1292        480      30392     486977   Grand Totals
     31440       2826       1292        204      30392     486977   ELF Image Totals (compressed)
     31440       2826       1292        204          0          0   ROM Totals

==============================================================================

    Total RO  Size (Code + RO Data)                32732 (  31.96kB)
    Total RW  Size (RW Data + ZI Data)             30872 (  30.15kB)
    Total ROM Size (Code + RO Data + RW Data)      32936 (  32.16kB)

==============================================================================

